
Copyright (C) 1994-2021 Synopsys, Inc.
This Synopsys software and all associated documentation are proprietary to Synopsys, Inc.
and may only be used pursuant to the terms and conditions of a written license agreement
with Synopsys, Inc. All other use, reproduction, modification, or distribution of the
Synopsys software or the associated documentation is strictly prohibited.
Tool: Synplify Pro (R)
Build: R-2021.03L-SP1
Install: /usr/local/diamond/3.12/synpbase
OS: Ubuntu 20.04.6 LTS
Hostname: ferrandi-1
max virtual memory: unlimited (bytes)
max user processes: 1030255
max stack size: 8388608 (bytes)


Implementation : impl1

# Written on Tue Jun  2 17:11:25 2026

##### FILES SYNTAX CHECKED ##############################################
Constraint File(s):      (none)

#Run constraint checker to find more issues with constraints.
#########################################################################



No issues found in constraint syntax.



Clock Summary
*************

          Start                             Requested      Requested     Clock        Clock                     Clock
Level     Clock                             Frequency      Period        Type         Group                     Load 
---------------------------------------------------------------------------------------------------------------------
0 -       System                            5872.0 MHz     0.170         system       system_clkgroup           61   
                                                                                                                     
0 -       RAW10toParallel|clk_i             220.9 MHz      4.527         inferred     Autoconstr_clkgroup_1     8898 
                                                                                                                     
0 -       RAW10toParallel|CSI2_sens_clk     4.2 MHz        240.484       inferred     Autoconstr_clkgroup_0     985  
=====================================================================================================================


Clock Load Summary
******************

                                  Clock     Source                  Clock Pin                                               Non-clock Pin     Non-clock Pin       
Clock                             Load      Pin                     Seq Example                                             Seq Example       Comb Example        
------------------------------------------------------------------------------------------------------------------------------------------------------------------
System                            61        -                       hdmi_i2c_top_inst.hdmi_i2c_ctrl_inst.data_wr_H[0].C     -                 -                   
                                                                                                                                                                  
RAW10toParallel|clk_i             8898      clk_i(port)             detection_toggle_clk_i.C                                -                 -                   
                                                                                                                                                                  
RAW10toParallel|CSI2_sens_clk     985       CSI2_sens_clk(port)     fv_i.C                                                  -                 pixclk_out.I[0](inv)
==================================================================================================================================================================
