--------------------------------------------------------------------------------
Lattice Synthesis Timing Report, Version  
Sat May 30 17:14:12 2026

Copyright (c) 1991-1994 by NeoCAD Inc. All rights reserved.
Copyright (c) 1995 AT&T Corp.   All rights reserved.
Copyright (c) 1995-2001 Lucent Technologies Inc.  All rights reserved.
Copyright (c) 2001 Agere Systems   All rights reserved.
Copyright (c) 2002-2020 Lattice Semiconductor Corporation,  All rights reserved.

Report Information
------------------
Design:     RAW10toParallel
Constraint file:  
Report level:    verbose report, limited to 3 items per constraint
--------------------------------------------------------------------------------



================================================================================
Constraint: create_clock -period 1000.000000 -name clk1 [get_nets clk_i_c]
            4096 items scored, 0 timing errors detected.
--------------------------------------------------------------------------------


Passed:  The following path meets requirements by 965.013ns

 Logical Details:  Cell type  Pin type       Cell name  (clock net +/-)

   Source:         FD1S3IX    CK             \cnn_top_inst/u_cnn/PBI_Z9myprojectP8ac_fixedILi12ELi4ELb1EL9ac_q_mode0EL9ac_o_mode0EES3_i0/Controller_i/present_state_i129  (from clk_i_c +)
   Destination:    FD1S3JX    PD             \cnn_top_inst/u_cnn/PBI_Z9myprojectP8ac_fixedILi12ELi4ELb1EL9ac_q_mode0EL9ac_o_mode0EES3_i0/Datapath_i/array_490354_0/ARRAY_1D_STD_BRAM_NN_instance/STD_NRNW_BRAM_GEN_instance/genblk1.STD_DP_BRAM_instance/i15684_15685  (to clk_i_c +)

   Delay:                  35.107ns  (8.0% logic, 92.0% route), 26 logic levels.

 Constraint Details:

     35.107ns data_path \cnn_top_inst/u_cnn/PBI_Z9myprojectP8ac_fixedILi12ELi4ELb1EL9ac_q_mode0EL9ac_o_mode0EES3_i0/Controller_i/present_state_i129 to \cnn_top_inst/u_cnn/PBI_Z9myprojectP8ac_fixedILi12ELi4ELb1EL9ac_q_mode0EL9ac_o_mode0EES3_i0/Datapath_i/array_490354_0/ARRAY_1D_STD_BRAM_NN_instance/STD_NRNW_BRAM_GEN_instance/genblk1.STD_DP_BRAM_instance/i15684_15685 meets
    1000.000ns delay constraint less
     -0.120ns L_S requirement (totaling 1000.120ns) by 965.013ns

 Path Details: \cnn_top_inst/u_cnn/PBI_Z9myprojectP8ac_fixedILi12ELi4ELb1EL9ac_q_mode0EL9ac_o_mode0EES3_i0/Controller_i/present_state_i129 to \cnn_top_inst/u_cnn/PBI_Z9myprojectP8ac_fixedILi12ELi4ELb1EL9ac_q_mode0EL9ac_o_mode0EES3_i0/Datapath_i/array_490354_0/ARRAY_1D_STD_BRAM_NN_instance/STD_NRNW_BRAM_GEN_instance/genblk1.STD_DP_BRAM_instance/i15684_15685

   Name    Fanout   Delay (ns)          Pins               Resource(Cell.Net)
L_CO        ---     0.230             CK to Q              \cnn_top_inst/u_cnn/PBI_Z9myprojectP8ac_fixedILi12ELi4ELb1EL9ac_q_mode0EL9ac_o_mode0EES3_i0/Controller_i/present_state_i129 (from clk_i_c)
Route         4   e 1.397                                  \cnn_top_inst/u_cnn/PBI_Z9myprojectP8ac_fixedILi12ELi4ELb1EL9ac_q_mode0EL9ac_o_mode0EES3_i0/Controller_i/present_state[129]
LUT4        ---     0.105              B to Z              \cnn_top_inst/u_cnn/PBI_Z9myprojectP8ac_fixedILi12ELi4ELb1EL9ac_q_mode0EL9ac_o_mode0EES3_i0/Controller_i/i21_2_lut
Route         5   e 1.341                                  \cnn_top_inst/u_cnn/PBI_Z9myprojectP8ac_fixedILi12ELi4ELb1EL9ac_q_mode0EL9ac_o_mode0EES3_i0/Controller_i/n246
LUT4        ---     0.105              B to Z              \cnn_top_inst/u_cnn/PBI_Z9myprojectP8ac_fixedILi12ELi4ELb1EL9ac_q_mode0EL9ac_o_mode0EES3_i0/Controller_i/i174_2_lut_3_lut
Route         4   e 1.297                                  \cnn_top_inst/u_cnn/PBI_Z9myprojectP8ac_fixedILi12ELi4ELb1EL9ac_q_mode0EL9ac_o_mode0EES3_i0/Controller_i/n399
LUT4        ---     0.105              C to Z              \cnn_top_inst/u_cnn/PBI_Z9myprojectP8ac_fixedILi12ELi4ELb1EL9ac_q_mode0EL9ac_o_mode0EES3_i0/Controller_i/i200_2_lut_3_lut
Route         3   e 1.239                                  \cnn_top_inst/u_cnn/PBI_Z9myprojectP8ac_fixedILi12ELi4ELb1EL9ac_q_mode0EL9ac_o_mode0EES3_i0/Controller_i/n425
LUT4        ---     0.105              C to Z              \cnn_top_inst/u_cnn/PBI_Z9myprojectP8ac_fixedILi12ELi4ELb1EL9ac_q_mode0EL9ac_o_mode0EES3_i0/Controller_i/i213_2_lut_3_lut
Route         4   e 1.297                                  \cnn_top_inst/u_cnn/PBI_Z9myprojectP8ac_fixedILi12ELi4ELb1EL9ac_q_mode0EL9ac_o_mode0EES3_i0/Controller_i/n438
LUT4        ---     0.105              C to Z              \cnn_top_inst/u_cnn/PBI_Z9myprojectP8ac_fixedILi12ELi4ELb1EL9ac_q_mode0EL9ac_o_mode0EES3_i0/Controller_i/i219_2_lut_3_lut
Route        10   e 1.480                                  \cnn_top_inst/u_cnn/PBI_Z9myprojectP8ac_fixedILi12ELi4ELb1EL9ac_q_mode0EL9ac_o_mode0EES3_i0/Controller_i/n444
LUT4        ---     0.105              A to Z              \cnn_top_inst/u_cnn/PBI_Z9myprojectP8ac_fixedILi12ELi4ELb1EL9ac_q_mode0EL9ac_o_mode0EES3_i0/Controller_i/i1_2_lut_3_lut_4_lut_adj_306
Route        16   e 1.574                                  \cnn_top_inst/u_cnn/PBI_Z9myprojectP8ac_fixedILi12ELi4ELb1EL9ac_q_mode0EL9ac_o_mode0EES3_i0/n447
LUT4        ---     0.105              C to Z              \cnn_top_inst/u_cnn/PBI_Z9myprojectP8ac_fixedILi12ELi4ELb1EL9ac_q_mode0EL9ac_o_mode0EES3_i0/Controller_i/i1_2_lut_3_lut_4_lut_adj_366
Route         5   e 1.341                                  \cnn_top_inst/u_cnn/PBI_Z9myprojectP8ac_fixedILi12ELi4ELb1EL9ac_q_mode0EL9ac_o_mode0EES3_i0/Controller_i/n101605
LUT4        ---     0.105              C to Z              \cnn_top_inst/u_cnn/PBI_Z9myprojectP8ac_fixedILi12ELi4ELb1EL9ac_q_mode0EL9ac_o_mode0EES3_i0/Controller_i/i3_3_lut_4_lut
Route         2   e 1.158                                  \cnn_top_inst/u_cnn/PBI_Z9myprojectP8ac_fixedILi12ELi4ELb1EL9ac_q_mode0EL9ac_o_mode0EES3_i0/Controller_i/n102050
LUT4        ---     0.105              A to Z              \cnn_top_inst/u_cnn/PBI_Z9myprojectP8ac_fixedILi12ELi4ELb1EL9ac_q_mode0EL9ac_o_mode0EES3_i0/Controller_i/i90850_3_lut
Route         7   e 1.409                                  \cnn_top_inst/u_cnn/PBI_Z9myprojectP8ac_fixedILi12ELi4ELb1EL9ac_q_mode0EL9ac_o_mode0EES3_i0/Controller_i/selector_MUX_20_ARRAY_1D_STD_BRAM_NN_SDS_3_i0_0_0_4
LUT4        ---     0.105              A to Z              \cnn_top_inst/u_cnn/PBI_Z9myprojectP8ac_fixedILi12ELi4ELb1EL9ac_q_mode0EL9ac_o_mode0EES3_i0/Controller_i/n54530_bdd_4_lut_98420
Route         1   e 1.020                                  \cnn_top_inst/u_cnn/PBI_Z9myprojectP8ac_fixedILi12ELi4ELb1EL9ac_q_mode0EL9ac_o_mode0EES3_i0/Controller_i/n128098
LUT4        ---     0.105              D to Z              \cnn_top_inst/u_cnn/PBI_Z9myprojectP8ac_fixedILi12ELi4ELb1EL9ac_q_mode0EL9ac_o_mode0EES3_i0/Controller_i/n54530_bdd_4_lut_98421
Route         1   e 1.020                                  \cnn_top_inst/u_cnn/PBI_Z9myprojectP8ac_fixedILi12ELi4ELb1EL9ac_q_mode0EL9ac_o_mode0EES3_i0/Controller_i/n128099
LUT4        ---     0.105              D to Z              \cnn_top_inst/u_cnn/PBI_Z9myprojectP8ac_fixedILi12ELi4ELb1EL9ac_q_mode0EL9ac_o_mode0EES3_i0/Controller_i/n54530_bdd_4_lut
Route         1   e 1.020                                  \cnn_top_inst/u_cnn/PBI_Z9myprojectP8ac_fixedILi12ELi4ELb1EL9ac_q_mode0EL9ac_o_mode0EES3_i0/Controller_i/n128100
LUT4        ---     0.105              C to Z              \cnn_top_inst/u_cnn/PBI_Z9myprojectP8ac_fixedILi12ELi4ELb1EL9ac_q_mode0EL9ac_o_mode0EES3_i0/Controller_i/n54530_bdd_3_lut
Route         4   e 1.297                                  \cnn_top_inst/u_cnn/PBI_Z9myprojectP8ac_fixedILi12ELi4ELb1EL9ac_q_mode0EL9ac_o_mode0EES3_i0/Controller_i/n79717
LUT4        ---     0.105              B to Z              \cnn_top_inst/u_cnn/PBI_Z9myprojectP8ac_fixedILi12ELi4ELb1EL9ac_q_mode0EL9ac_o_mode0EES3_i0/Controller_i/i1_2_lut_4_lut_adj_439
Route         2   e 1.158                                  \cnn_top_inst/u_cnn/PBI_Z9myprojectP8ac_fixedILi12ELi4ELb1EL9ac_q_mode0EL9ac_o_mode0EES3_i0/Controller_i/n101544
LUT4        ---     0.105              D to Z              \cnn_top_inst/u_cnn/PBI_Z9myprojectP8ac_fixedILi12ELi4ELb1EL9ac_q_mode0EL9ac_o_mode0EES3_i0/Controller_i/i3_4_lut_adj_330
Route         3   e 1.239                                  \cnn_top_inst/u_cnn/PBI_Z9myprojectP8ac_fixedILi12ELi4ELb1EL9ac_q_mode0EL9ac_o_mode0EES3_i0/n80058
LUT4        ---     0.105              A to Z              \cnn_top_inst/u_cnn/PBI_Z9myprojectP8ac_fixedILi12ELi4ELb1EL9ac_q_mode0EL9ac_o_mode0EES3_i0/Controller_i/i2_3_lut_4_lut_adj_322
Route         1   e 1.020                                  \cnn_top_inst/u_cnn/PBI_Z9myprojectP8ac_fixedILi12ELi4ELb1EL9ac_q_mode0EL9ac_o_mode0EES3_i0/n101224
LUT4        ---     0.105              C to Z              \cnn_top_inst/u_cnn/PBI_Z9myprojectP8ac_fixedILi12ELi4ELb1EL9ac_q_mode0EL9ac_o_mode0EES3_i0/Datapath_i/array_490354_0/ARRAY_1D_STD_BRAM_NN_instance/STD_NRNW_BRAM_GEN_instance/i90915_3_lut
Route        13   e 1.532                                  \cnn_top_inst/u_cnn/PBI_Z9myprojectP8ac_fixedILi12ELi4ELb1EL9ac_q_mode0EL9ac_o_mode0EES3_i0/Datapath_i/array_490354_0/ARRAY_1D_STD_BRAM_NN_instance/STD_NRNW_BRAM_GEN_instance/n51304
LUT4        ---     0.105              D to Z              \cnn_top_inst/u_cnn/PBI_Z9myprojectP8ac_fixedILi12ELi4ELb1EL9ac_q_mode0EL9ac_o_mode0EES3_i0/Datapath_i/array_490354_0/ARRAY_1D_STD_BRAM_NN_instance/STD_NRNW_BRAM_GEN_instance/i87876_2_lut_4_lut
Route         1   e 1.020                                  \cnn_top_inst/u_cnn/PBI_Z9myprojectP8ac_fixedILi12ELi4ELb1EL9ac_q_mode0EL9ac_o_mode0EES3_i0/Datapath_i/array_490354_0/ARRAY_1D_STD_BRAM_NN_instance/STD_NRNW_BRAM_GEN_instance/n109475
LUT4        ---     0.105              B to Z              \cnn_top_inst/u_cnn/PBI_Z9myprojectP8ac_fixedILi12ELi4ELb1EL9ac_q_mode0EL9ac_o_mode0EES3_i0/Datapath_i/array_490354_0/ARRAY_1D_STD_BRAM_NN_instance/STD_NRNW_BRAM_GEN_instance/i85314_4_lut
Route         1   e 0.020                                  \cnn_top_inst/u_cnn/PBI_Z9myprojectP8ac_fixedILi12ELi4ELb1EL9ac_q_mode0EL9ac_o_mode0EES3_i0/Datapath_i/array_490354_0/ARRAY_1D_STD_BRAM_NN_instance/STD_NRNW_BRAM_GEN_instance/n107794
MUXL5       ---     0.075           ALUT to Z              \cnn_top_inst/u_cnn/PBI_Z9myprojectP8ac_fixedILi12ELi4ELb1EL9ac_q_mode0EL9ac_o_mode0EES3_i0/Datapath_i/array_490354_0/ARRAY_1D_STD_BRAM_NN_instance/STD_NRNW_BRAM_GEN_instance/i85315
Route       117   e 1.522                                  \cnn_top_inst/u_cnn/PBI_Z9myprojectP8ac_fixedILi12ELi4ELb1EL9ac_q_mode0EL9ac_o_mode0EES3_i0/Datapath_i/array_490354_0/ARRAY_1D_STD_BRAM_NN_instance/STD_NRNW_BRAM_GEN_instance/address_in[2]
LUT4        ---     0.105              B to Z              \cnn_top_inst/u_cnn/PBI_Z9myprojectP8ac_fixedILi12ELi4ELb1EL9ac_q_mode0EL9ac_o_mode0EES3_i0/Datapath_i/array_490354_0/ARRAY_1D_STD_BRAM_NN_instance/STD_NRNW_BRAM_GEN_instance/genblk1.STD_DP_BRAM_instance/EnabledDecoder_2_i17_2_lut
Route         8   e 1.435                                  \cnn_top_inst/u_cnn/PBI_Z9myprojectP8ac_fixedILi12ELi4ELb1EL9ac_q_mode0EL9ac_o_mode0EES3_i0/Datapath_i/array_490354_0/ARRAY_1D_STD_BRAM_NN_instance/STD_NRNW_BRAM_GEN_instance/genblk1.STD_DP_BRAM_instance/n17
LUT4        ---     0.105              A to Z              \cnn_top_inst/u_cnn/PBI_Z9myprojectP8ac_fixedILi12ELi4ELb1EL9ac_q_mode0EL9ac_o_mode0EES3_i0/Datapath_i/array_490354_0/ARRAY_1D_STD_BRAM_NN_instance/STD_NRNW_BRAM_GEN_instance/genblk1.STD_DP_BRAM_instance/EnabledDecoder_2_i82_2_lut_4_lut
Route         6   e 1.378                                  \cnn_top_inst/u_cnn/PBI_Z9myprojectP8ac_fixedILi12ELi4ELb1EL9ac_q_mode0EL9ac_o_mode0EES3_i0/Datapath_i/array_490354_0/ARRAY_1D_STD_BRAM_NN_instance/STD_NRNW_BRAM_GEN_instance/genblk1.STD_DP_BRAM_instance/n82
LUT4        ---     0.105              A to Z              \cnn_top_inst/u_cnn/PBI_Z9myprojectP8ac_fixedILi12ELi4ELb1EL9ac_q_mode0EL9ac_o_mode0EES3_i0/Datapath_i/array_490354_0/ARRAY_1D_STD_BRAM_NN_instance/STD_NRNW_BRAM_GEN_instance/genblk1.STD_DP_BRAM_instance/EnabledDecoder_2_i146_2_lut
Route         4   e 1.297                                  \cnn_top_inst/u_cnn/PBI_Z9myprojectP8ac_fixedILi12ELi4ELb1EL9ac_q_mode0EL9ac_o_mode0EES3_i0/Datapath_i/array_490354_0/ARRAY_1D_STD_BRAM_NN_instance/STD_NRNW_BRAM_GEN_instance/genblk1.STD_DP_BRAM_instance/n146
LUT4        ---     0.105              A to Z              \cnn_top_inst/u_cnn/PBI_Z9myprojectP8ac_fixedILi12ELi4ELb1EL9ac_q_mode0EL9ac_o_mode0EES3_i0/Datapath_i/array_490354_0/ARRAY_1D_STD_BRAM_NN_instance/STD_NRNW_BRAM_GEN_instance/genblk1.STD_DP_BRAM_instance/EnabledDecoder_2_i1554_2_lut_3_lut_4_lut
Route        13   e 1.532                                  \cnn_top_inst/u_cnn/PBI_Z9myprojectP8ac_fixedILi12ELi4ELb1EL9ac_q_mode0EL9ac_o_mode0EES3_i0/Datapath_i/array_490354_0/ARRAY_1D_STD_BRAM_NN_instance/STD_NRNW_BRAM_GEN_instance/genblk1.STD_DP_BRAM_instance/clk_i_c_enable_2680
LUT4        ---     0.105              B to Z              \cnn_top_inst/u_cnn/PBI_Z9myprojectP8ac_fixedILi12ELi4ELb1EL9ac_q_mode0EL9ac_o_mode0EES3_i0/Datapath_i/array_490354_0/ARRAY_1D_STD_BRAM_NN_instance/STD_NRNW_BRAM_GEN_instance/genblk1.STD_DP_BRAM_instance/Select_15687_i3_2_lut
Route         3   e 1.239                                  \cnn_top_inst/u_cnn/PBI_Z9myprojectP8ac_fixedILi12ELi4ELb1EL9ac_q_mode0EL9ac_o_mode0EES3_i0/Datapath_i/array_490354_0/ARRAY_1D_STD_BRAM_NN_instance/STD_NRNW_BRAM_GEN_instance/genblk1.STD_DP_BRAM_instance/n3_adj_5426
                  --------
                   35.107  (8.0% logic, 92.0% route), 26 logic levels.


Passed:  The following path meets requirements by 965.013ns

 Logical Details:  Cell type  Pin type       Cell name  (clock net +/-)

   Source:         FD1S3IX    CK             \cnn_top_inst/u_cnn/PBI_Z9myprojectP8ac_fixedILi12ELi4ELb1EL9ac_q_mode0EL9ac_o_mode0EES3_i0/Controller_i/present_state_i129  (from clk_i_c +)
   Destination:    FD1S3JX    PD             \cnn_top_inst/u_cnn/PBI_Z9myprojectP8ac_fixedILi12ELi4ELb1EL9ac_q_mode0EL9ac_o_mode0EES3_i0/Datapath_i/array_490354_0/ARRAY_1D_STD_BRAM_NN_instance/STD_NRNW_BRAM_GEN_instance/genblk1.STD_DP_BRAM_instance/i16169_16170  (to clk_i_c +)

   Delay:                  35.107ns  (8.0% logic, 92.0% route), 26 logic levels.

 Constraint Details:

     35.107ns data_path \cnn_top_inst/u_cnn/PBI_Z9myprojectP8ac_fixedILi12ELi4ELb1EL9ac_q_mode0EL9ac_o_mode0EES3_i0/Controller_i/present_state_i129 to \cnn_top_inst/u_cnn/PBI_Z9myprojectP8ac_fixedILi12ELi4ELb1EL9ac_q_mode0EL9ac_o_mode0EES3_i0/Datapath_i/array_490354_0/ARRAY_1D_STD_BRAM_NN_instance/STD_NRNW_BRAM_GEN_instance/genblk1.STD_DP_BRAM_instance/i16169_16170 meets
    1000.000ns delay constraint less
     -0.120ns L_S requirement (totaling 1000.120ns) by 965.013ns

 Path Details: \cnn_top_inst/u_cnn/PBI_Z9myprojectP8ac_fixedILi12ELi4ELb1EL9ac_q_mode0EL9ac_o_mode0EES3_i0/Controller_i/present_state_i129 to \cnn_top_inst/u_cnn/PBI_Z9myprojectP8ac_fixedILi12ELi4ELb1EL9ac_q_mode0EL9ac_o_mode0EES3_i0/Datapath_i/array_490354_0/ARRAY_1D_STD_BRAM_NN_instance/STD_NRNW_BRAM_GEN_instance/genblk1.STD_DP_BRAM_instance/i16169_16170

   Name    Fanout   Delay (ns)          Pins               Resource(Cell.Net)
L_CO        ---     0.230             CK to Q              \cnn_top_inst/u_cnn/PBI_Z9myprojectP8ac_fixedILi12ELi4ELb1EL9ac_q_mode0EL9ac_o_mode0EES3_i0/Controller_i/present_state_i129 (from clk_i_c)
Route         4   e 1.397                                  \cnn_top_inst/u_cnn/PBI_Z9myprojectP8ac_fixedILi12ELi4ELb1EL9ac_q_mode0EL9ac_o_mode0EES3_i0/Controller_i/present_state[129]
LUT4        ---     0.105              B to Z              \cnn_top_inst/u_cnn/PBI_Z9myprojectP8ac_fixedILi12ELi4ELb1EL9ac_q_mode0EL9ac_o_mode0EES3_i0/Controller_i/i21_2_lut
Route         5   e 1.341                                  \cnn_top_inst/u_cnn/PBI_Z9myprojectP8ac_fixedILi12ELi4ELb1EL9ac_q_mode0EL9ac_o_mode0EES3_i0/Controller_i/n246
LUT4        ---     0.105              B to Z              \cnn_top_inst/u_cnn/PBI_Z9myprojectP8ac_fixedILi12ELi4ELb1EL9ac_q_mode0EL9ac_o_mode0EES3_i0/Controller_i/i174_2_lut_3_lut
Route         4   e 1.297                                  \cnn_top_inst/u_cnn/PBI_Z9myprojectP8ac_fixedILi12ELi4ELb1EL9ac_q_mode0EL9ac_o_mode0EES3_i0/Controller_i/n399
LUT4        ---     0.105              C to Z              \cnn_top_inst/u_cnn/PBI_Z9myprojectP8ac_fixedILi12ELi4ELb1EL9ac_q_mode0EL9ac_o_mode0EES3_i0/Controller_i/i200_2_lut_3_lut
Route         3   e 1.239                                  \cnn_top_inst/u_cnn/PBI_Z9myprojectP8ac_fixedILi12ELi4ELb1EL9ac_q_mode0EL9ac_o_mode0EES3_i0/Controller_i/n425
LUT4        ---     0.105              C to Z              \cnn_top_inst/u_cnn/PBI_Z9myprojectP8ac_fixedILi12ELi4ELb1EL9ac_q_mode0EL9ac_o_mode0EES3_i0/Controller_i/i213_2_lut_3_lut
Route         4   e 1.297                                  \cnn_top_inst/u_cnn/PBI_Z9myprojectP8ac_fixedILi12ELi4ELb1EL9ac_q_mode0EL9ac_o_mode0EES3_i0/Controller_i/n438
LUT4        ---     0.105              C to Z              \cnn_top_inst/u_cnn/PBI_Z9myprojectP8ac_fixedILi12ELi4ELb1EL9ac_q_mode0EL9ac_o_mode0EES3_i0/Controller_i/i219_2_lut_3_lut
Route        10   e 1.480                                  \cnn_top_inst/u_cnn/PBI_Z9myprojectP8ac_fixedILi12ELi4ELb1EL9ac_q_mode0EL9ac_o_mode0EES3_i0/Controller_i/n444
LUT4        ---     0.105              A to Z              \cnn_top_inst/u_cnn/PBI_Z9myprojectP8ac_fixedILi12ELi4ELb1EL9ac_q_mode0EL9ac_o_mode0EES3_i0/Controller_i/i1_2_lut_3_lut_4_lut_adj_306
Route        16   e 1.574                                  \cnn_top_inst/u_cnn/PBI_Z9myprojectP8ac_fixedILi12ELi4ELb1EL9ac_q_mode0EL9ac_o_mode0EES3_i0/n447
LUT4        ---     0.105              C to Z              \cnn_top_inst/u_cnn/PBI_Z9myprojectP8ac_fixedILi12ELi4ELb1EL9ac_q_mode0EL9ac_o_mode0EES3_i0/Controller_i/i1_2_lut_3_lut_4_lut_adj_366
Route         5   e 1.341                                  \cnn_top_inst/u_cnn/PBI_Z9myprojectP8ac_fixedILi12ELi4ELb1EL9ac_q_mode0EL9ac_o_mode0EES3_i0/Controller_i/n101605
LUT4        ---     0.105              C to Z              \cnn_top_inst/u_cnn/PBI_Z9myprojectP8ac_fixedILi12ELi4ELb1EL9ac_q_mode0EL9ac_o_mode0EES3_i0/Controller_i/i3_3_lut_4_lut
Route         2   e 1.158                                  \cnn_top_inst/u_cnn/PBI_Z9myprojectP8ac_fixedILi12ELi4ELb1EL9ac_q_mode0EL9ac_o_mode0EES3_i0/Controller_i/n102050
LUT4        ---     0.105              A to Z              \cnn_top_inst/u_cnn/PBI_Z9myprojectP8ac_fixedILi12ELi4ELb1EL9ac_q_mode0EL9ac_o_mode0EES3_i0/Controller_i/i90850_3_lut
Route         7   e 1.409                                  \cnn_top_inst/u_cnn/PBI_Z9myprojectP8ac_fixedILi12ELi4ELb1EL9ac_q_mode0EL9ac_o_mode0EES3_i0/Controller_i/selector_MUX_20_ARRAY_1D_STD_BRAM_NN_SDS_3_i0_0_0_4
LUT4        ---     0.105              A to Z              \cnn_top_inst/u_cnn/PBI_Z9myprojectP8ac_fixedILi12ELi4ELb1EL9ac_q_mode0EL9ac_o_mode0EES3_i0/Controller_i/n54530_bdd_4_lut_98420
Route         1   e 1.020                                  \cnn_top_inst/u_cnn/PBI_Z9myprojectP8ac_fixedILi12ELi4ELb1EL9ac_q_mode0EL9ac_o_mode0EES3_i0/Controller_i/n128098
LUT4        ---     0.105              D to Z              \cnn_top_inst/u_cnn/PBI_Z9myprojectP8ac_fixedILi12ELi4ELb1EL9ac_q_mode0EL9ac_o_mode0EES3_i0/Controller_i/n54530_bdd_4_lut_98421
Route         1   e 1.020                                  \cnn_top_inst/u_cnn/PBI_Z9myprojectP8ac_fixedILi12ELi4ELb1EL9ac_q_mode0EL9ac_o_mode0EES3_i0/Controller_i/n128099
LUT4        ---     0.105              D to Z              \cnn_top_inst/u_cnn/PBI_Z9myprojectP8ac_fixedILi12ELi4ELb1EL9ac_q_mode0EL9ac_o_mode0EES3_i0/Controller_i/n54530_bdd_4_lut
Route         1   e 1.020                                  \cnn_top_inst/u_cnn/PBI_Z9myprojectP8ac_fixedILi12ELi4ELb1EL9ac_q_mode0EL9ac_o_mode0EES3_i0/Controller_i/n128100
LUT4        ---     0.105              C to Z              \cnn_top_inst/u_cnn/PBI_Z9myprojectP8ac_fixedILi12ELi4ELb1EL9ac_q_mode0EL9ac_o_mode0EES3_i0/Controller_i/n54530_bdd_3_lut
Route         4   e 1.297                                  \cnn_top_inst/u_cnn/PBI_Z9myprojectP8ac_fixedILi12ELi4ELb1EL9ac_q_mode0EL9ac_o_mode0EES3_i0/Controller_i/n79717
LUT4        ---     0.105              B to Z              \cnn_top_inst/u_cnn/PBI_Z9myprojectP8ac_fixedILi12ELi4ELb1EL9ac_q_mode0EL9ac_o_mode0EES3_i0/Controller_i/i1_2_lut_4_lut_adj_439
Route         2   e 1.158                                  \cnn_top_inst/u_cnn/PBI_Z9myprojectP8ac_fixedILi12ELi4ELb1EL9ac_q_mode0EL9ac_o_mode0EES3_i0/Controller_i/n101544
LUT4        ---     0.105              D to Z              \cnn_top_inst/u_cnn/PBI_Z9myprojectP8ac_fixedILi12ELi4ELb1EL9ac_q_mode0EL9ac_o_mode0EES3_i0/Controller_i/i3_4_lut_adj_330
Route         3   e 1.239                                  \cnn_top_inst/u_cnn/PBI_Z9myprojectP8ac_fixedILi12ELi4ELb1EL9ac_q_mode0EL9ac_o_mode0EES3_i0/n80058
LUT4        ---     0.105              A to Z              \cnn_top_inst/u_cnn/PBI_Z9myprojectP8ac_fixedILi12ELi4ELb1EL9ac_q_mode0EL9ac_o_mode0EES3_i0/Controller_i/i2_3_lut_4_lut_adj_322
Route         1   e 1.020                                  \cnn_top_inst/u_cnn/PBI_Z9myprojectP8ac_fixedILi12ELi4ELb1EL9ac_q_mode0EL9ac_o_mode0EES3_i0/n101224
LUT4        ---     0.105              C to Z              \cnn_top_inst/u_cnn/PBI_Z9myprojectP8ac_fixedILi12ELi4ELb1EL9ac_q_mode0EL9ac_o_mode0EES3_i0/Datapath_i/array_490354_0/ARRAY_1D_STD_BRAM_NN_instance/STD_NRNW_BRAM_GEN_instance/i90915_3_lut
Route        13   e 1.532                                  \cnn_top_inst/u_cnn/PBI_Z9myprojectP8ac_fixedILi12ELi4ELb1EL9ac_q_mode0EL9ac_o_mode0EES3_i0/Datapath_i/array_490354_0/ARRAY_1D_STD_BRAM_NN_instance/STD_NRNW_BRAM_GEN_instance/n51304
LUT4        ---     0.105              D to Z              \cnn_top_inst/u_cnn/PBI_Z9myprojectP8ac_fixedILi12ELi4ELb1EL9ac_q_mode0EL9ac_o_mode0EES3_i0/Datapath_i/array_490354_0/ARRAY_1D_STD_BRAM_NN_instance/STD_NRNW_BRAM_GEN_instance/i87876_2_lut_4_lut
Route         1   e 1.020                                  \cnn_top_inst/u_cnn/PBI_Z9myprojectP8ac_fixedILi12ELi4ELb1EL9ac_q_mode0EL9ac_o_mode0EES3_i0/Datapath_i/array_490354_0/ARRAY_1D_STD_BRAM_NN_instance/STD_NRNW_BRAM_GEN_instance/n109475
LUT4        ---     0.105              B to Z              \cnn_top_inst/u_cnn/PBI_Z9myprojectP8ac_fixedILi12ELi4ELb1EL9ac_q_mode0EL9ac_o_mode0EES3_i0/Datapath_i/array_490354_0/ARRAY_1D_STD_BRAM_NN_instance/STD_NRNW_BRAM_GEN_instance/i85314_4_lut
Route         1   e 0.020                                  \cnn_top_inst/u_cnn/PBI_Z9myprojectP8ac_fixedILi12ELi4ELb1EL9ac_q_mode0EL9ac_o_mode0EES3_i0/Datapath_i/array_490354_0/ARRAY_1D_STD_BRAM_NN_instance/STD_NRNW_BRAM_GEN_instance/n107794
MUXL5       ---     0.075           ALUT to Z              \cnn_top_inst/u_cnn/PBI_Z9myprojectP8ac_fixedILi12ELi4ELb1EL9ac_q_mode0EL9ac_o_mode0EES3_i0/Datapath_i/array_490354_0/ARRAY_1D_STD_BRAM_NN_instance/STD_NRNW_BRAM_GEN_instance/i85315
Route       117   e 1.522                                  \cnn_top_inst/u_cnn/PBI_Z9myprojectP8ac_fixedILi12ELi4ELb1EL9ac_q_mode0EL9ac_o_mode0EES3_i0/Datapath_i/array_490354_0/ARRAY_1D_STD_BRAM_NN_instance/STD_NRNW_BRAM_GEN_instance/address_in[2]
LUT4        ---     0.105              B to Z              \cnn_top_inst/u_cnn/PBI_Z9myprojectP8ac_fixedILi12ELi4ELb1EL9ac_q_mode0EL9ac_o_mode0EES3_i0/Datapath_i/array_490354_0/ARRAY_1D_STD_BRAM_NN_instance/STD_NRNW_BRAM_GEN_instance/genblk1.STD_DP_BRAM_instance/EnabledDecoder_2_i17_2_lut
Route         8   e 1.435                                  \cnn_top_inst/u_cnn/PBI_Z9myprojectP8ac_fixedILi12ELi4ELb1EL9ac_q_mode0EL9ac_o_mode0EES3_i0/Datapath_i/array_490354_0/ARRAY_1D_STD_BRAM_NN_instance/STD_NRNW_BRAM_GEN_instance/genblk1.STD_DP_BRAM_instance/n17
LUT4        ---     0.105              A to Z              \cnn_top_inst/u_cnn/PBI_Z9myprojectP8ac_fixedILi12ELi4ELb1EL9ac_q_mode0EL9ac_o_mode0EES3_i0/Datapath_i/array_490354_0/ARRAY_1D_STD_BRAM_NN_instance/STD_NRNW_BRAM_GEN_instance/genblk1.STD_DP_BRAM_instance/EnabledDecoder_2_i98_2_lut_4_lut
Route         6   e 1.378                                  \cnn_top_inst/u_cnn/PBI_Z9myprojectP8ac_fixedILi12ELi4ELb1EL9ac_q_mode0EL9ac_o_mode0EES3_i0/Datapath_i/array_490354_0/ARRAY_1D_STD_BRAM_NN_instance/STD_NRNW_BRAM_GEN_instance/genblk1.STD_DP_BRAM_instance/n98
LUT4        ---     0.105              A to Z              \cnn_top_inst/u_cnn/PBI_Z9myprojectP8ac_fixedILi12ELi4ELb1EL9ac_q_mode0EL9ac_o_mode0EES3_i0/Datapath_i/array_490354_0/ARRAY_1D_STD_BRAM_NN_instance/STD_NRNW_BRAM_GEN_instance/genblk1.STD_DP_BRAM_instance/EnabledDecoder_2_i290_2_lut_3_lut
Route         4   e 1.297                                  \cnn_top_inst/u_cnn/PBI_Z9myprojectP8ac_fixedILi12ELi4ELb1EL9ac_q_mode0EL9ac_o_mode0EES3_i0/Datapath_i/array_490354_0/ARRAY_1D_STD_BRAM_NN_instance/STD_NRNW_BRAM_GEN_instance/genblk1.STD_DP_BRAM_instance/n290
LUT4        ---     0.105              A to Z              \cnn_top_inst/u_cnn/PBI_Z9myprojectP8ac_fixedILi12ELi4ELb1EL9ac_q_mode0EL9ac_o_mode0EES3_i0/Datapath_i/array_490354_0/ARRAY_1D_STD_BRAM_NN_instance/STD_NRNW_BRAM_GEN_instance/genblk1.STD_DP_BRAM_instance/EnabledDecoder_2_i1570_2_lut_3_lut
Route        13   e 1.532                                  \cnn_top_inst/u_cnn/PBI_Z9myprojectP8ac_fixedILi12ELi4ELb1EL9ac_q_mode0EL9ac_o_mode0EES3_i0/Datapath_i/array_490354_0/ARRAY_1D_STD_BRAM_NN_instance/STD_NRNW_BRAM_GEN_instance/genblk1.STD_DP_BRAM_instance/clk_i_c_enable_116
LUT4        ---     0.105              B to Z              \cnn_top_inst/u_cnn/PBI_Z9myprojectP8ac_fixedILi12ELi4ELb1EL9ac_q_mode0EL9ac_o_mode0EES3_i0/Datapath_i/array_490354_0/ARRAY_1D_STD_BRAM_NN_instance/STD_NRNW_BRAM_GEN_instance/genblk1.STD_DP_BRAM_instance/Select_16162_i3_2_lut
Route         3   e 1.239                                  \cnn_top_inst/u_cnn/PBI_Z9myprojectP8ac_fixedILi12ELi4ELb1EL9ac_q_mode0EL9ac_o_mode0EES3_i0/Datapath_i/array_490354_0/ARRAY_1D_STD_BRAM_NN_instance/STD_NRNW_BRAM_GEN_instance/genblk1.STD_DP_BRAM_instance/n3_adj_4871
                  --------
                   35.107  (8.0% logic, 92.0% route), 26 logic levels.


Passed:  The following path meets requirements by 965.013ns

 Logical Details:  Cell type  Pin type       Cell name  (clock net +/-)

   Source:         FD1S3IX    CK             \cnn_top_inst/u_cnn/PBI_Z9myprojectP8ac_fixedILi12ELi4ELb1EL9ac_q_mode0EL9ac_o_mode0EES3_i0/Controller_i/present_state_i129  (from clk_i_c +)
   Destination:    FD1S3JX    PD             \cnn_top_inst/u_cnn/PBI_Z9myprojectP8ac_fixedILi12ELi4ELb1EL9ac_q_mode0EL9ac_o_mode0EES3_i0/Datapath_i/array_490354_0/ARRAY_1D_STD_BRAM_NN_instance/STD_NRNW_BRAM_GEN_instance/genblk1.STD_DP_BRAM_instance/i16164_16165  (to clk_i_c +)

   Delay:                  35.107ns  (8.0% logic, 92.0% route), 26 logic levels.

 Constraint Details:

     35.107ns data_path \cnn_top_inst/u_cnn/PBI_Z9myprojectP8ac_fixedILi12ELi4ELb1EL9ac_q_mode0EL9ac_o_mode0EES3_i0/Controller_i/present_state_i129 to \cnn_top_inst/u_cnn/PBI_Z9myprojectP8ac_fixedILi12ELi4ELb1EL9ac_q_mode0EL9ac_o_mode0EES3_i0/Datapath_i/array_490354_0/ARRAY_1D_STD_BRAM_NN_instance/STD_NRNW_BRAM_GEN_instance/genblk1.STD_DP_BRAM_instance/i16164_16165 meets
    1000.000ns delay constraint less
     -0.120ns L_S requirement (totaling 1000.120ns) by 965.013ns

 Path Details: \cnn_top_inst/u_cnn/PBI_Z9myprojectP8ac_fixedILi12ELi4ELb1EL9ac_q_mode0EL9ac_o_mode0EES3_i0/Controller_i/present_state_i129 to \cnn_top_inst/u_cnn/PBI_Z9myprojectP8ac_fixedILi12ELi4ELb1EL9ac_q_mode0EL9ac_o_mode0EES3_i0/Datapath_i/array_490354_0/ARRAY_1D_STD_BRAM_NN_instance/STD_NRNW_BRAM_GEN_instance/genblk1.STD_DP_BRAM_instance/i16164_16165

   Name    Fanout   Delay (ns)          Pins               Resource(Cell.Net)
L_CO        ---     0.230             CK to Q              \cnn_top_inst/u_cnn/PBI_Z9myprojectP8ac_fixedILi12ELi4ELb1EL9ac_q_mode0EL9ac_o_mode0EES3_i0/Controller_i/present_state_i129 (from clk_i_c)
Route         4   e 1.397                                  \cnn_top_inst/u_cnn/PBI_Z9myprojectP8ac_fixedILi12ELi4ELb1EL9ac_q_mode0EL9ac_o_mode0EES3_i0/Controller_i/present_state[129]
LUT4        ---     0.105              B to Z              \cnn_top_inst/u_cnn/PBI_Z9myprojectP8ac_fixedILi12ELi4ELb1EL9ac_q_mode0EL9ac_o_mode0EES3_i0/Controller_i/i21_2_lut
Route         5   e 1.341                                  \cnn_top_inst/u_cnn/PBI_Z9myprojectP8ac_fixedILi12ELi4ELb1EL9ac_q_mode0EL9ac_o_mode0EES3_i0/Controller_i/n246
LUT4        ---     0.105              B to Z              \cnn_top_inst/u_cnn/PBI_Z9myprojectP8ac_fixedILi12ELi4ELb1EL9ac_q_mode0EL9ac_o_mode0EES3_i0/Controller_i/i174_2_lut_3_lut
Route         4   e 1.297                                  \cnn_top_inst/u_cnn/PBI_Z9myprojectP8ac_fixedILi12ELi4ELb1EL9ac_q_mode0EL9ac_o_mode0EES3_i0/Controller_i/n399
LUT4        ---     0.105              C to Z              \cnn_top_inst/u_cnn/PBI_Z9myprojectP8ac_fixedILi12ELi4ELb1EL9ac_q_mode0EL9ac_o_mode0EES3_i0/Controller_i/i200_2_lut_3_lut
Route         3   e 1.239                                  \cnn_top_inst/u_cnn/PBI_Z9myprojectP8ac_fixedILi12ELi4ELb1EL9ac_q_mode0EL9ac_o_mode0EES3_i0/Controller_i/n425
LUT4        ---     0.105              C to Z              \cnn_top_inst/u_cnn/PBI_Z9myprojectP8ac_fixedILi12ELi4ELb1EL9ac_q_mode0EL9ac_o_mode0EES3_i0/Controller_i/i213_2_lut_3_lut
Route         4   e 1.297                                  \cnn_top_inst/u_cnn/PBI_Z9myprojectP8ac_fixedILi12ELi4ELb1EL9ac_q_mode0EL9ac_o_mode0EES3_i0/Controller_i/n438
LUT4        ---     0.105              C to Z              \cnn_top_inst/u_cnn/PBI_Z9myprojectP8ac_fixedILi12ELi4ELb1EL9ac_q_mode0EL9ac_o_mode0EES3_i0/Controller_i/i219_2_lut_3_lut
Route        10   e 1.480                                  \cnn_top_inst/u_cnn/PBI_Z9myprojectP8ac_fixedILi12ELi4ELb1EL9ac_q_mode0EL9ac_o_mode0EES3_i0/Controller_i/n444
LUT4        ---     0.105              A to Z              \cnn_top_inst/u_cnn/PBI_Z9myprojectP8ac_fixedILi12ELi4ELb1EL9ac_q_mode0EL9ac_o_mode0EES3_i0/Controller_i/i1_2_lut_3_lut_4_lut_adj_306
Route        16   e 1.574                                  \cnn_top_inst/u_cnn/PBI_Z9myprojectP8ac_fixedILi12ELi4ELb1EL9ac_q_mode0EL9ac_o_mode0EES3_i0/n447
LUT4        ---     0.105              C to Z              \cnn_top_inst/u_cnn/PBI_Z9myprojectP8ac_fixedILi12ELi4ELb1EL9ac_q_mode0EL9ac_o_mode0EES3_i0/Controller_i/i1_2_lut_3_lut_4_lut_adj_366
Route         5   e 1.341                                  \cnn_top_inst/u_cnn/PBI_Z9myprojectP8ac_fixedILi12ELi4ELb1EL9ac_q_mode0EL9ac_o_mode0EES3_i0/Controller_i/n101605
LUT4        ---     0.105              C to Z              \cnn_top_inst/u_cnn/PBI_Z9myprojectP8ac_fixedILi12ELi4ELb1EL9ac_q_mode0EL9ac_o_mode0EES3_i0/Controller_i/i3_3_lut_4_lut
Route         2   e 1.158                                  \cnn_top_inst/u_cnn/PBI_Z9myprojectP8ac_fixedILi12ELi4ELb1EL9ac_q_mode0EL9ac_o_mode0EES3_i0/Controller_i/n102050
LUT4        ---     0.105              A to Z              \cnn_top_inst/u_cnn/PBI_Z9myprojectP8ac_fixedILi12ELi4ELb1EL9ac_q_mode0EL9ac_o_mode0EES3_i0/Controller_i/i90850_3_lut
Route         7   e 1.409                                  \cnn_top_inst/u_cnn/PBI_Z9myprojectP8ac_fixedILi12ELi4ELb1EL9ac_q_mode0EL9ac_o_mode0EES3_i0/Controller_i/selector_MUX_20_ARRAY_1D_STD_BRAM_NN_SDS_3_i0_0_0_4
LUT4        ---     0.105              A to Z              \cnn_top_inst/u_cnn/PBI_Z9myprojectP8ac_fixedILi12ELi4ELb1EL9ac_q_mode0EL9ac_o_mode0EES3_i0/Controller_i/n54530_bdd_4_lut_98420
Route         1   e 1.020                                  \cnn_top_inst/u_cnn/PBI_Z9myprojectP8ac_fixedILi12ELi4ELb1EL9ac_q_mode0EL9ac_o_mode0EES3_i0/Controller_i/n128098
LUT4        ---     0.105              D to Z              \cnn_top_inst/u_cnn/PBI_Z9myprojectP8ac_fixedILi12ELi4ELb1EL9ac_q_mode0EL9ac_o_mode0EES3_i0/Controller_i/n54530_bdd_4_lut_98421
Route         1   e 1.020                                  \cnn_top_inst/u_cnn/PBI_Z9myprojectP8ac_fixedILi12ELi4ELb1EL9ac_q_mode0EL9ac_o_mode0EES3_i0/Controller_i/n128099
LUT4        ---     0.105              D to Z              \cnn_top_inst/u_cnn/PBI_Z9myprojectP8ac_fixedILi12ELi4ELb1EL9ac_q_mode0EL9ac_o_mode0EES3_i0/Controller_i/n54530_bdd_4_lut
Route         1   e 1.020                                  \cnn_top_inst/u_cnn/PBI_Z9myprojectP8ac_fixedILi12ELi4ELb1EL9ac_q_mode0EL9ac_o_mode0EES3_i0/Controller_i/n128100
LUT4        ---     0.105              C to Z              \cnn_top_inst/u_cnn/PBI_Z9myprojectP8ac_fixedILi12ELi4ELb1EL9ac_q_mode0EL9ac_o_mode0EES3_i0/Controller_i/n54530_bdd_3_lut
Route         4   e 1.297                                  \cnn_top_inst/u_cnn/PBI_Z9myprojectP8ac_fixedILi12ELi4ELb1EL9ac_q_mode0EL9ac_o_mode0EES3_i0/Controller_i/n79717
LUT4        ---     0.105              B to Z              \cnn_top_inst/u_cnn/PBI_Z9myprojectP8ac_fixedILi12ELi4ELb1EL9ac_q_mode0EL9ac_o_mode0EES3_i0/Controller_i/i1_2_lut_4_lut_adj_439
Route         2   e 1.158                                  \cnn_top_inst/u_cnn/PBI_Z9myprojectP8ac_fixedILi12ELi4ELb1EL9ac_q_mode0EL9ac_o_mode0EES3_i0/Controller_i/n101544
LUT4        ---     0.105              D to Z              \cnn_top_inst/u_cnn/PBI_Z9myprojectP8ac_fixedILi12ELi4ELb1EL9ac_q_mode0EL9ac_o_mode0EES3_i0/Controller_i/i3_4_lut_adj_330
Route         3   e 1.239                                  \cnn_top_inst/u_cnn/PBI_Z9myprojectP8ac_fixedILi12ELi4ELb1EL9ac_q_mode0EL9ac_o_mode0EES3_i0/n80058
LUT4        ---     0.105              A to Z              \cnn_top_inst/u_cnn/PBI_Z9myprojectP8ac_fixedILi12ELi4ELb1EL9ac_q_mode0EL9ac_o_mode0EES3_i0/Controller_i/i2_3_lut_4_lut_adj_322
Route         1   e 1.020                                  \cnn_top_inst/u_cnn/PBI_Z9myprojectP8ac_fixedILi12ELi4ELb1EL9ac_q_mode0EL9ac_o_mode0EES3_i0/n101224
LUT4        ---     0.105              C to Z              \cnn_top_inst/u_cnn/PBI_Z9myprojectP8ac_fixedILi12ELi4ELb1EL9ac_q_mode0EL9ac_o_mode0EES3_i0/Datapath_i/array_490354_0/ARRAY_1D_STD_BRAM_NN_instance/STD_NRNW_BRAM_GEN_instance/i90915_3_lut
Route        13   e 1.532                                  \cnn_top_inst/u_cnn/PBI_Z9myprojectP8ac_fixedILi12ELi4ELb1EL9ac_q_mode0EL9ac_o_mode0EES3_i0/Datapath_i/array_490354_0/ARRAY_1D_STD_BRAM_NN_instance/STD_NRNW_BRAM_GEN_instance/n51304
LUT4        ---     0.105              D to Z              \cnn_top_inst/u_cnn/PBI_Z9myprojectP8ac_fixedILi12ELi4ELb1EL9ac_q_mode0EL9ac_o_mode0EES3_i0/Datapath_i/array_490354_0/ARRAY_1D_STD_BRAM_NN_instance/STD_NRNW_BRAM_GEN_instance/i87876_2_lut_4_lut
Route         1   e 1.020                                  \cnn_top_inst/u_cnn/PBI_Z9myprojectP8ac_fixedILi12ELi4ELb1EL9ac_q_mode0EL9ac_o_mode0EES3_i0/Datapath_i/array_490354_0/ARRAY_1D_STD_BRAM_NN_instance/STD_NRNW_BRAM_GEN_instance/n109475
LUT4        ---     0.105              B to Z              \cnn_top_inst/u_cnn/PBI_Z9myprojectP8ac_fixedILi12ELi4ELb1EL9ac_q_mode0EL9ac_o_mode0EES3_i0/Datapath_i/array_490354_0/ARRAY_1D_STD_BRAM_NN_instance/STD_NRNW_BRAM_GEN_instance/i85314_4_lut
Route         1   e 0.020                                  \cnn_top_inst/u_cnn/PBI_Z9myprojectP8ac_fixedILi12ELi4ELb1EL9ac_q_mode0EL9ac_o_mode0EES3_i0/Datapath_i/array_490354_0/ARRAY_1D_STD_BRAM_NN_instance/STD_NRNW_BRAM_GEN_instance/n107794
MUXL5       ---     0.075           ALUT to Z              \cnn_top_inst/u_cnn/PBI_Z9myprojectP8ac_fixedILi12ELi4ELb1EL9ac_q_mode0EL9ac_o_mode0EES3_i0/Datapath_i/array_490354_0/ARRAY_1D_STD_BRAM_NN_instance/STD_NRNW_BRAM_GEN_instance/i85315
Route       117   e 1.522                                  \cnn_top_inst/u_cnn/PBI_Z9myprojectP8ac_fixedILi12ELi4ELb1EL9ac_q_mode0EL9ac_o_mode0EES3_i0/Datapath_i/array_490354_0/ARRAY_1D_STD_BRAM_NN_instance/STD_NRNW_BRAM_GEN_instance/address_in[2]
LUT4        ---     0.105              B to Z              \cnn_top_inst/u_cnn/PBI_Z9myprojectP8ac_fixedILi12ELi4ELb1EL9ac_q_mode0EL9ac_o_mode0EES3_i0/Datapath_i/array_490354_0/ARRAY_1D_STD_BRAM_NN_instance/STD_NRNW_BRAM_GEN_instance/genblk1.STD_DP_BRAM_instance/EnabledDecoder_2_i17_2_lut
Route         8   e 1.435                                  \cnn_top_inst/u_cnn/PBI_Z9myprojectP8ac_fixedILi12ELi4ELb1EL9ac_q_mode0EL9ac_o_mode0EES3_i0/Datapath_i/array_490354_0/ARRAY_1D_STD_BRAM_NN_instance/STD_NRNW_BRAM_GEN_instance/genblk1.STD_DP_BRAM_instance/n17
LUT4        ---     0.105              A to Z              \cnn_top_inst/u_cnn/PBI_Z9myprojectP8ac_fixedILi12ELi4ELb1EL9ac_q_mode0EL9ac_o_mode0EES3_i0/Datapath_i/array_490354_0/ARRAY_1D_STD_BRAM_NN_instance/STD_NRNW_BRAM_GEN_instance/genblk1.STD_DP_BRAM_instance/EnabledDecoder_2_i98_2_lut_4_lut
Route         6   e 1.378                                  \cnn_top_inst/u_cnn/PBI_Z9myprojectP8ac_fixedILi12ELi4ELb1EL9ac_q_mode0EL9ac_o_mode0EES3_i0/Datapath_i/array_490354_0/ARRAY_1D_STD_BRAM_NN_instance/STD_NRNW_BRAM_GEN_instance/genblk1.STD_DP_BRAM_instance/n98
LUT4        ---     0.105              A to Z              \cnn_top_inst/u_cnn/PBI_Z9myprojectP8ac_fixedILi12ELi4ELb1EL9ac_q_mode0EL9ac_o_mode0EES3_i0/Datapath_i/array_490354_0/ARRAY_1D_STD_BRAM_NN_instance/STD_NRNW_BRAM_GEN_instance/genblk1.STD_DP_BRAM_instance/EnabledDecoder_2_i290_2_lut_3_lut
Route         4   e 1.297                                  \cnn_top_inst/u_cnn/PBI_Z9myprojectP8ac_fixedILi12ELi4ELb1EL9ac_q_mode0EL9ac_o_mode0EES3_i0/Datapath_i/array_490354_0/ARRAY_1D_STD_BRAM_NN_instance/STD_NRNW_BRAM_GEN_instance/genblk1.STD_DP_BRAM_instance/n290
LUT4        ---     0.105              A to Z              \cnn_top_inst/u_cnn/PBI_Z9myprojectP8ac_fixedILi12ELi4ELb1EL9ac_q_mode0EL9ac_o_mode0EES3_i0/Datapath_i/array_490354_0/ARRAY_1D_STD_BRAM_NN_instance/STD_NRNW_BRAM_GEN_instance/genblk1.STD_DP_BRAM_instance/EnabledDecoder_2_i1570_2_lut_3_lut
Route        13   e 1.532                                  \cnn_top_inst/u_cnn/PBI_Z9myprojectP8ac_fixedILi12ELi4ELb1EL9ac_q_mode0EL9ac_o_mode0EES3_i0/Datapath_i/array_490354_0/ARRAY_1D_STD_BRAM_NN_instance/STD_NRNW_BRAM_GEN_instance/genblk1.STD_DP_BRAM_instance/clk_i_c_enable_116
LUT4        ---     0.105              B to Z              \cnn_top_inst/u_cnn/PBI_Z9myprojectP8ac_fixedILi12ELi4ELb1EL9ac_q_mode0EL9ac_o_mode0EES3_i0/Datapath_i/array_490354_0/ARRAY_1D_STD_BRAM_NN_instance/STD_NRNW_BRAM_GEN_instance/genblk1.STD_DP_BRAM_instance/Select_16162_i3_2_lut
Route         3   e 1.239                                  \cnn_top_inst/u_cnn/PBI_Z9myprojectP8ac_fixedILi12ELi4ELb1EL9ac_q_mode0EL9ac_o_mode0EES3_i0/Datapath_i/array_490354_0/ARRAY_1D_STD_BRAM_NN_instance/STD_NRNW_BRAM_GEN_instance/genblk1.STD_DP_BRAM_instance/n3_adj_4871
                  --------
                   35.107  (8.0% logic, 92.0% route), 26 logic levels.

Report: 34.987 ns is the maximum delay for this constraint.



================================================================================
Constraint: create_clock -period 1000.000000 -name clk0 [get_nets CSI2_sens_clk_c]
            4096 items scored, 0 timing errors detected.
--------------------------------------------------------------------------------


Passed:  The following path meets requirements by 975.452ns

 Logical Details:  Cell type  Pin type       Cell name  (clock net +/-)

   Source:         FD1P3DX    CK             \image_pipe_inst/u_ab/lumination_i0_i11  (from CSI2_sens_clk_c +)
   Destination:    FD1S3DX    D              \image_pipe_inst/u_ab/q_data_gain_shift_i12  (to CSI2_sens_clk_c +)

   Delay:                  24.668ns  (15.0% logic, 85.0% route), 19 logic levels.

 Constraint Details:

     24.668ns data_path \image_pipe_inst/u_ab/lumination_i0_i11 to \image_pipe_inst/u_ab/q_data_gain_shift_i12 meets
    1000.000ns delay constraint less
     -0.120ns L_S requirement (totaling 1000.120ns) by 975.452ns

 Path Details: \image_pipe_inst/u_ab/lumination_i0_i11 to \image_pipe_inst/u_ab/q_data_gain_shift_i12

   Name    Fanout   Delay (ns)          Pins               Resource(Cell.Net)
L_CO        ---     0.230             CK to Q              \image_pipe_inst/u_ab/lumination_i0_i11 (from CSI2_sens_clk_c)
Route         1   e 1.020                                  \image_pipe_inst/u_ab/lumination[11]
LUT4        ---     0.105              B to Z              \image_pipe_inst/u_ab/i9_4_lut_adj_939
Route         1   e 1.020                                  \image_pipe_inst/u_ab/n21_adj_7298
LUT4        ---     0.105              A to Z              \image_pipe_inst/u_ab/i11_3_lut
Route         1   e 1.020                                  \image_pipe_inst/u_ab/n101312
LUT4        ---     0.105              B to Z              \image_pipe_inst/u_ab/i1_4_lut_adj_938
Route         1   e 1.020                                  \image_pipe_inst/u_ab/n4
LUT4        ---     0.105              D to Z              \image_pipe_inst/u_ab/i4_4_lut_adj_937
Route         1   e 1.020                                  \image_pipe_inst/u_ab/n97278
LUT4        ---     0.105              A to Z              \image_pipe_inst/u_ab/i22889_4_lut
Route         1   e 1.020                                  \image_pipe_inst/u_ab/n46
LUT4        ---     0.105              A to Z              \image_pipe_inst/u_ab/i3_4_lut
Route         1   e 1.020                                  \image_pipe_inst/u_ab/n97309
LUT4        ---     0.105              A to Z              \image_pipe_inst/u_ab/i22887_3_lut
Route         1   e 1.020                                  \image_pipe_inst/u_ab/n56_adj_7297
LUT4        ---     0.105              A to Z              \image_pipe_inst/u_ab/i22883_4_lut
Route        11   e 1.499                                  n64_adj_8077
LUT4        ---     0.105              A to Z              \image_pipe_inst/u_ab/i24_3_lut
Route         1   e 1.020                                  \image_pipe_inst/u_ab/n239
LUT4        ---     0.105              D to Z              \image_pipe_inst/u_ab/i90634_4_lut
Route        22   e 1.638                                  \image_pipe_inst/u_ab/CSI2_sens_clk_c_enable_76
LUT4        ---     0.105              C to Z              \image_pipe_inst/u_ab/mux_23240_i7_3_lut
Route         1   e 1.020                                  \image_pipe_inst/u_ab/n23_adj_7301
MuPd        ---     1.680          A[18] to P[36]          \image_pipe_inst/u_ab/q_data_gain_clip_e3
Route         1   e 1.020                                  \image_pipe_inst/u_ab/q_data_gain_clip[6]
LUT4        ---     0.105              B to Z              \image_pipe_inst/u_ab/i5_4_lut
Route         1   e 1.020                                  \image_pipe_inst/u_ab/n12
LUT4        ---     0.105              B to Z              \image_pipe_inst/u_ab/i6_4_lut
Route         1   e 1.020                                  \image_pipe_inst/u_ab/n97249
LUT4        ---     0.105              C to Z              \image_pipe_inst/u_ab/i9_4_lut
Route         1   e 1.020                                  \image_pipe_inst/u_ab/n22
LUT4        ---     0.105              D to Z              \image_pipe_inst/u_ab/i2_4_lut
Route         1   e 1.020                                  \image_pipe_inst/u_ab/n7
LUT4        ---     0.105              A to Z              \image_pipe_inst/u_ab/i4_4_lut
Route        12   e 1.516                                  \image_pipe_inst/u_ab/data_gain_clip_20__N_303
LUT4        ---     0.105              B to Z              \image_pipe_inst/u_ab/i55962_2_lut
Route         1   e 1.020                                  \image_pipe_inst/u_ab/data_gain_clip[20]
                  --------
                   24.668  (15.0% logic, 85.0% route), 19 logic levels.


Passed:  The following path meets requirements by 975.452ns

 Logical Details:  Cell type  Pin type       Cell name  (clock net +/-)

   Source:         FD1P3DX    CK             \image_pipe_inst/u_ab/lumination_i0_i11  (from CSI2_sens_clk_c +)
   Destination:    FD1S3DX    D              \image_pipe_inst/u_ab/q_data_gain_shift_i12  (to CSI2_sens_clk_c +)

   Delay:                  24.668ns  (15.0% logic, 85.0% route), 19 logic levels.

 Constraint Details:

     24.668ns data_path \image_pipe_inst/u_ab/lumination_i0_i11 to \image_pipe_inst/u_ab/q_data_gain_shift_i12 meets
    1000.000ns delay constraint less
     -0.120ns L_S requirement (totaling 1000.120ns) by 975.452ns

 Path Details: \image_pipe_inst/u_ab/lumination_i0_i11 to \image_pipe_inst/u_ab/q_data_gain_shift_i12

   Name    Fanout   Delay (ns)          Pins               Resource(Cell.Net)
L_CO        ---     0.230             CK to Q              \image_pipe_inst/u_ab/lumination_i0_i11 (from CSI2_sens_clk_c)
Route         1   e 1.020                                  \image_pipe_inst/u_ab/lumination[11]
LUT4        ---     0.105              B to Z              \image_pipe_inst/u_ab/i9_4_lut_adj_939
Route         1   e 1.020                                  \image_pipe_inst/u_ab/n21_adj_7298
LUT4        ---     0.105              A to Z              \image_pipe_inst/u_ab/i11_3_lut
Route         1   e 1.020                                  \image_pipe_inst/u_ab/n101312
LUT4        ---     0.105              B to Z              \image_pipe_inst/u_ab/i1_4_lut_adj_938
Route         1   e 1.020                                  \image_pipe_inst/u_ab/n4
LUT4        ---     0.105              D to Z              \image_pipe_inst/u_ab/i4_4_lut_adj_937
Route         1   e 1.020                                  \image_pipe_inst/u_ab/n97278
LUT4        ---     0.105              A to Z              \image_pipe_inst/u_ab/i22889_4_lut
Route         1   e 1.020                                  \image_pipe_inst/u_ab/n46
LUT4        ---     0.105              A to Z              \image_pipe_inst/u_ab/i3_4_lut
Route         1   e 1.020                                  \image_pipe_inst/u_ab/n97309
LUT4        ---     0.105              A to Z              \image_pipe_inst/u_ab/i22887_3_lut
Route         1   e 1.020                                  \image_pipe_inst/u_ab/n56_adj_7297
LUT4        ---     0.105              A to Z              \image_pipe_inst/u_ab/i22883_4_lut
Route        11   e 1.499                                  n64_adj_8077
LUT4        ---     0.105              A to Z              \image_pipe_inst/u_ab/i24_3_lut
Route         1   e 1.020                                  \image_pipe_inst/u_ab/n239
LUT4        ---     0.105              D to Z              \image_pipe_inst/u_ab/i90634_4_lut
Route        22   e 1.638                                  \image_pipe_inst/u_ab/CSI2_sens_clk_c_enable_76
LUT4        ---     0.105              C to Z              \image_pipe_inst/u_ab/mux_23240_i9_3_lut
Route         1   e 1.020                                  \image_pipe_inst/u_ab/n19_adj_7303
MuPd        ---     1.680          A[18] to P[36]          \image_pipe_inst/u_ab/q_data_gain_clip_e3
Route         1   e 1.020                                  \image_pipe_inst/u_ab/q_data_gain_clip[2]
LUT4        ---     0.105              A to Z              \image_pipe_inst/u_ab/i5_4_lut
Route         1   e 1.020                                  \image_pipe_inst/u_ab/n12
LUT4        ---     0.105              B to Z              \image_pipe_inst/u_ab/i6_4_lut
Route         1   e 1.020                                  \image_pipe_inst/u_ab/n97249
LUT4        ---     0.105              C to Z              \image_pipe_inst/u_ab/i9_4_lut
Route         1   e 1.020                                  \image_pipe_inst/u_ab/n22
LUT4        ---     0.105              D to Z              \image_pipe_inst/u_ab/i2_4_lut
Route         1   e 1.020                                  \image_pipe_inst/u_ab/n7
LUT4        ---     0.105              A to Z              \image_pipe_inst/u_ab/i4_4_lut
Route        12   e 1.516                                  \image_pipe_inst/u_ab/data_gain_clip_20__N_303
LUT4        ---     0.105              B to Z              \image_pipe_inst/u_ab/i55962_2_lut
Route         1   e 1.020                                  \image_pipe_inst/u_ab/data_gain_clip[20]
                  --------
                   24.668  (15.0% logic, 85.0% route), 19 logic levels.


Passed:  The following path meets requirements by 975.452ns

 Logical Details:  Cell type  Pin type       Cell name  (clock net +/-)

   Source:         FD1P3DX    CK             \image_pipe_inst/u_ab/lumination_i0_i11  (from CSI2_sens_clk_c +)
   Destination:    FD1S3DX    D              \image_pipe_inst/u_ab/q_data_gain_shift_i12  (to CSI2_sens_clk_c +)

   Delay:                  24.668ns  (15.0% logic, 85.0% route), 19 logic levels.

 Constraint Details:

     24.668ns data_path \image_pipe_inst/u_ab/lumination_i0_i11 to \image_pipe_inst/u_ab/q_data_gain_shift_i12 meets
    1000.000ns delay constraint less
     -0.120ns L_S requirement (totaling 1000.120ns) by 975.452ns

 Path Details: \image_pipe_inst/u_ab/lumination_i0_i11 to \image_pipe_inst/u_ab/q_data_gain_shift_i12

   Name    Fanout   Delay (ns)          Pins               Resource(Cell.Net)
L_CO        ---     0.230             CK to Q              \image_pipe_inst/u_ab/lumination_i0_i11 (from CSI2_sens_clk_c)
Route         1   e 1.020                                  \image_pipe_inst/u_ab/lumination[11]
LUT4        ---     0.105              B to Z              \image_pipe_inst/u_ab/i9_4_lut_adj_939
Route         1   e 1.020                                  \image_pipe_inst/u_ab/n21_adj_7298
LUT4        ---     0.105              A to Z              \image_pipe_inst/u_ab/i11_3_lut
Route         1   e 1.020                                  \image_pipe_inst/u_ab/n101312
LUT4        ---     0.105              B to Z              \image_pipe_inst/u_ab/i1_4_lut_adj_938
Route         1   e 1.020                                  \image_pipe_inst/u_ab/n4
LUT4        ---     0.105              D to Z              \image_pipe_inst/u_ab/i4_4_lut_adj_937
Route         1   e 1.020                                  \image_pipe_inst/u_ab/n97278
LUT4        ---     0.105              A to Z              \image_pipe_inst/u_ab/i22889_4_lut
Route         1   e 1.020                                  \image_pipe_inst/u_ab/n46
LUT4        ---     0.105              A to Z              \image_pipe_inst/u_ab/i3_4_lut
Route         1   e 1.020                                  \image_pipe_inst/u_ab/n97309
LUT4        ---     0.105              A to Z              \image_pipe_inst/u_ab/i22887_3_lut
Route         1   e 1.020                                  \image_pipe_inst/u_ab/n56_adj_7297
LUT4        ---     0.105              A to Z              \image_pipe_inst/u_ab/i22883_4_lut
Route        11   e 1.499                                  n64_adj_8077
LUT4        ---     0.105              A to Z              \image_pipe_inst/u_ab/i24_3_lut
Route         1   e 1.020                                  \image_pipe_inst/u_ab/n239
LUT4        ---     0.105              D to Z              \image_pipe_inst/u_ab/i90634_4_lut
Route        22   e 1.638                                  \image_pipe_inst/u_ab/CSI2_sens_clk_c_enable_76
LUT4        ---     0.105              C to Z              \image_pipe_inst/u_ab/mux_23240_i1_3_lut
Route         1   e 1.020                                  \image_pipe_inst/u_ab/n35_adj_7299
MuPd        ---     1.680          A[18] to P[36]          \image_pipe_inst/u_ab/q_data_gain_clip_e3
Route         1   e 1.020                                  \image_pipe_inst/u_ab/q_data_gain_clip[2]
LUT4        ---     0.105              A to Z              \image_pipe_inst/u_ab/i5_4_lut
Route         1   e 1.020                                  \image_pipe_inst/u_ab/n12
LUT4        ---     0.105              B to Z              \image_pipe_inst/u_ab/i6_4_lut
Route         1   e 1.020                                  \image_pipe_inst/u_ab/n97249
LUT4        ---     0.105              C to Z              \image_pipe_inst/u_ab/i9_4_lut
Route         1   e 1.020                                  \image_pipe_inst/u_ab/n22
LUT4        ---     0.105              D to Z              \image_pipe_inst/u_ab/i2_4_lut
Route         1   e 1.020                                  \image_pipe_inst/u_ab/n7
LUT4        ---     0.105              A to Z              \image_pipe_inst/u_ab/i4_4_lut
Route        12   e 1.516                                  \image_pipe_inst/u_ab/data_gain_clip_20__N_303
LUT4        ---     0.105              B to Z              \image_pipe_inst/u_ab/i55962_2_lut
Route         1   e 1.020                                  \image_pipe_inst/u_ab/data_gain_clip[20]
                  --------
                   24.668  (15.0% logic, 85.0% route), 19 logic levels.

Report: 24.548 ns is the maximum delay for this constraint.


Timing Report Summary
--------------
--------------------------------------------------------------------------------
Constraint                              |   Constraint|       Actual|Levels
--------------------------------------------------------------------------------
                                        |             |             |
create_clock -period 1000.000000 -name  |             |             |
clk1 [get_nets clk_i_c]                 |  1000.000 ns|    34.987 ns|    26  
                                        |             |             |
create_clock -period 1000.000000 -name  |             |             |
clk0 [get_nets CSI2_sens_clk_c]         |  1000.000 ns|    24.548 ns|    19  
                                        |             |             |
--------------------------------------------------------------------------------


All constraints were met.



Timing summary:
---------------

Timing errors: 0  Score: 0

Constraints cover >4294967295 paths, 26493 nets, and 79325 connections (95.4% coverage)


Peak memory: 1435369472 bytes, TRCE: 0 bytes, DLYMAN: 0 bytes
CPU_TIME_REPORT: 1 secs 
