Results of NGD DRC are available in RAW10toParallel_drc.log.
Loading NGL library '/usr/local/diamond/3.12/ispfpga/sa5p00m/data/sa5mlib.ngl'...
Loading NGL library '/usr/local/diamond/3.12/ispfpga/sa5p00/data/sa5plib.ngl'...
Loading NGL library '/usr/local/diamond/3.12/ispfpga/xo2c00/data/xo2clib.ngl'...
Loading NGL library '/usr/local/diamond/3.12/ispfpga/mg5g00/data/mg5glib.ngl'...
Loading NGL library '/usr/local/diamond/3.12/ispfpga/or5g00/data/orc5glib.ngl'...
Loading NGO design '/home/heidarabadi/alis_model/ECP5_Raw10toParallel/source/clarity/Gamma/gammaCorrector/gammaCorrector.ngo'...
Loading NGO design '/home/heidarabadi/alis_model/ECP5_Raw10toParallel/source/clarity/Gamma/gammaCorrector/pmi_ram_dp_trueEnnblut2_initsserr1212409612124096p18afc241.ngo'...
Loading NGO design '/home/heidarabadi/alis_model/ECP5_Raw10toParallel/source/clarity/Gamma/gammaCorrector/pmi_ram_dp_trueEnnblut1_initsserr1212409612124096p18afbd3c.ngo'...
Loading NGO design '/home/heidarabadi/alis_model/ECP5_Raw10toParallel/source/clarity/Gamma/gammaCorrector/pmi_ram_dp_trueEnnblut0_initsserr1212409612124096p18afb837.ngo'...
Loading NGO design '/home/heidarabadi/alis_model/ECP5_Raw10toParallel/source/clarity/CSC/colorspace/colorspace.ngo'...


Running DRC...

WARNING - synthesis: logical net 'i2c_inst/data_rd_7' has no load.
WARNING - synthesis: logical net 'i2c_inst/data_rd_6' has no load.
WARNING - synthesis: logical net 'i2c_inst/data_rd_5' has no load.
WARNING - synthesis: logical net 'i2c_inst/data_rd_4' has no load.
WARNING - synthesis: logical net 'i2c_inst/data_rd_3' has no load.
WARNING - synthesis: logical net 'i2c_inst/data_rd_2' has no load.
WARNING - synthesis: logical net 'i2c_inst/data_rd_1' has no load.
WARNING - synthesis: logical net 'i2c_inst/data_rd_0' has no load.
WARNING - synthesis: logical net 'i2c_inst/data_rdy' has no load.
WARNING - synthesis: logical net 'i2c_inst/data_rd2_7' has no load.
WARNING - synthesis: logical net 'i2c_inst/data_rd2_6' has no load.
WARNING - synthesis: logical net 'i2c_inst/data_rd2_5' has no load.
WARNING - synthesis: logical net 'i2c_inst/data_rd2_4' has no load.
WARNING - synthesis: logical net 'i2c_inst/data_rd2_3' has no load.
WARNING - synthesis: logical net 'i2c_inst/data_rd2_2' has no load.
WARNING - synthesis: logical net 'i2c_inst/data_rd2_1' has no load.
WARNING - synthesis: logical net 'i2c_inst/data_rd2_0' has no load.
WARNING - synthesis: logical net 'i2c_inst/data_rdy2' has no load.
WARNING - synthesis: logical net 'i2c_inst/i2c_ctrl_i111304/config_done_kb_in' has no load.
WARNING - synthesis: logical net 'i2c_inst/i2c_ctrl_i111304/hdmi_i2c_top_inst/config_done_kb_in' has no load.
WARNING - synthesis: logical net 'i2c_inst/i2c_ctrl_i111301/n569_kb_in' has no load.
WARNING - synthesis: logical net 'hdmi_i2c_top_inst/data_rd_7' has no load.
WARNING - synthesis: logical net 'hdmi_i2c_top_inst/data_rd_6' has no load.
WARNING - synthesis: logical net 'hdmi_i2c_top_inst/data_rd_5' has no load.
WARNING - synthesis: logical net 'hdmi_i2c_top_inst/data_rd_4' has no load.
WARNING - synthesis: logical net 'hdmi_i2c_top_inst/data_rd_3' has no load.
WARNING - synthesis: logical net 'hdmi_i2c_top_inst/data_rd_2' has no load.
WARNING - synthesis: logical net 'hdmi_i2c_top_inst/data_rd_1' has no load.
WARNING - synthesis: logical net 'hdmi_i2c_top_inst/data_rd_0' has no load.
WARNING - synthesis: logical net 'hdmi_i2c_top_inst/data_rdy' has no load.
WARNING - synthesis: logical net 'image_pipe_inst/u_gamma_correction/gamma_inst/gammaCorrector_inst/outvalid' has no load.
WARNING - synthesis: logical net 'image_pipe_inst/u_gamma_correction/gamma_inst/gammaCorrector_inst/u1_gamma_core/u1_lut_core/u3_lookuptable/dout1int[0]' has no load.
WARNING - synthesis: logical net 'image_pipe_inst/u_gamma_correction/gamma_inst/gammaCorrector_inst/u1_gamma_core/u1_lut_core/u3_lookuptable/dout1int[1]' has no load.
WARNING - synthesis: logical net 'image_pipe_inst/u_gamma_correction/gamma_inst/gammaCorrector_inst/u1_gamma_core/u1_lut_core/u3_lookuptable/dout1int[2]' has no load.
WARNING - synthesis: logical net 'image_pipe_inst/u_gamma_correction/gamma_inst/gammaCorrector_inst/u1_gamma_core/u1_lut_core/u3_lookuptable/dout1int[3]' has no load.
WARNING - synthesis: logical net 'image_pipe_inst/u_gamma_correction/gamma_inst/gammaCorrector_inst/u1_gamma_core/u1_lut_core/u3_lookuptable/dout1int[4]' has no load.
WARNING - synthesis: logical net 'image_pipe_inst/u_gamma_correction/gamma_inst/gammaCorrector_inst/u1_gamma_core/u1_lut_core/u3_lookuptable/dout1int[5]' has no load.
WARNING - synthesis: logical net 'image_pipe_inst/u_gamma_correction/gamma_inst/gammaCorrector_inst/u1_gamma_core/u1_lut_core/u3_lookuptable/dout1int[6]' has no load.
WARNING - synthesis: logical net 'image_pipe_inst/u_gamma_correction/gamma_inst/gammaCorrector_inst/u1_gamma_core/u1_lut_core/u3_lookuptable/dout1int[7]' has no load.
WARNING - synthesis: logical net 'image_pipe_inst/u_gamma_correction/gamma_inst/gammaCorrector_inst/u1_gamma_core/u1_lut_core/u3_lookuptable/dout1int[8]' has no load.
WARNING - synthesis: logical net 'image_pipe_inst/u_gamma_correction/gamma_inst/gammaCorrector_inst/u1_gamma_core/u1_lut_core/u3_lookuptable/dout1int[9]' has no load.
WARNING - synthesis: logical net 'image_pipe_inst/u_gamma_correction/gamma_inst/gammaCorrector_inst/u1_gamma_core/u1_lut_core/u3_lookuptable/dout1int[10]' has no load.
WARNING - synthesis: logical net 'image_pipe_inst/u_gamma_correction/gamma_inst/gammaCorrector_inst/u1_gamma_core/u1_lut_core/u3_lookuptable/dout1int[11]' has no load.
WARNING - synthesis: logical net 'image_pipe_inst/u_gamma_correction/gamma_inst/gammaCorrector_inst/u1_gamma_core/u1_lut_core/u2_lookuptable/dout1int[0]' has no load.
WARNING - synthesis: logical net 'image_pipe_inst/u_gamma_correction/gamma_inst/gammaCorrector_inst/u1_gamma_core/u1_lut_core/u2_lookuptable/dout1int[1]' has no load.
WARNING - synthesis: logical net 'image_pipe_inst/u_gamma_correction/gamma_inst/gammaCorrector_inst/u1_gamma_core/u1_lut_core/u2_lookuptable/dout1int[2]' has no load.
WARNING - synthesis: logical net 'image_pipe_inst/u_gamma_correction/gamma_inst/gammaCorrector_inst/u1_gamma_core/u1_lut_core/u2_lookuptable/dout1int[3]' has no load.
WARNING - synthesis: logical net 'image_pipe_inst/u_gamma_correction/gamma_inst/gammaCorrector_inst/u1_gamma_core/u1_lut_core/u2_lookuptable/dout1int[4]' has no load.
WARNING - synthesis: logical net 'image_pipe_inst/u_gamma_correction/gamma_inst/gammaCorrector_inst/u1_gamma_core/u1_lut_core/u2_lookuptable/dout1int[5]' has no load.
WARNING - synthesis: logical net 'image_pipe_inst/u_gamma_correction/gamma_inst/gammaCorrector_inst/u1_gamma_core/u1_lut_core/u2_lookuptable/dout1int[6]' has no load.
WARNING - synthesis: logical net 'image_pipe_inst/u_gamma_correction/gamma_inst/gammaCorrector_inst/u1_gamma_core/u1_lut_core/u2_lookuptable/dout1int[7]' has no load.
WARNING - synthesis: logical net 'image_pipe_inst/u_gamma_correction/gamma_inst/gammaCorrector_inst/u1_gamma_core/u1_lut_core/u2_lookuptable/dout1int[8]' has no load.
WARNING - synthesis: logical net 'image_pipe_inst/u_gamma_correction/gamma_inst/gammaCorrector_inst/u1_gamma_core/u1_lut_core/u2_lookuptable/dout1int[9]' has no load.
WARNING - synthesis: logical net 'image_pipe_inst/u_gamma_correction/gamma_inst/gammaCorrector_inst/u1_gamma_core/u1_lut_core/u2_lookuptable/dout1int[10]' has no load.
WARNING - synthesis: logical net 'image_pipe_inst/u_gamma_correction/gamma_inst/gammaCorrector_inst/u1_gamma_core/u1_lut_core/u2_lookuptable/dout1int[11]' has no load.
WARNING - synthesis: logical net 'image_pipe_inst/u_gamma_correction/gamma_inst/gammaCorrector_inst/u1_gamma_core/u1_lut_core/u1_lookuptable/dout1int[0]' has no load.
WARNING - synthesis: logical net 'image_pipe_inst/u_gamma_correction/gamma_inst/gammaCorrector_inst/u1_gamma_core/u1_lut_core/u1_lookuptable/dout1int[1]' has no load.
WARNING - synthesis: logical net 'image_pipe_inst/u_gamma_correction/gamma_inst/gammaCorrector_inst/u1_gamma_core/u1_lut_core/u1_lookuptable/dout1int[2]' has no load.
WARNING - synthesis: logical net 'image_pipe_inst/u_gamma_correction/gamma_inst/gammaCorrector_inst/u1_gamma_core/u1_lut_core/u1_lookuptable/dout1int[3]' has no load.
WARNING - synthesis: logical net 'image_pipe_inst/u_gamma_correction/gamma_inst/gammaCorrector_inst/u1_gamma_core/u1_lut_core/u1_lookuptable/dout1int[4]' has no load.
WARNING - synthesis: logical net 'image_pipe_inst/u_gamma_correction/gamma_inst/gammaCorrector_inst/u1_gamma_core/u1_lut_core/u1_lookuptable/dout1int[5]' has no load.
WARNING - synthesis: logical net 'image_pipe_inst/u_gamma_correction/gamma_inst/gammaCorrector_inst/u1_gamma_core/u1_lut_core/u1_lookuptable/dout1int[6]' has no load.
WARNING - synthesis: logical net 'image_pipe_inst/u_gamma_correction/gamma_inst/gammaCorrector_inst/u1_gamma_core/u1_lut_core/u1_lookuptable/dout1int[7]' has no load.
WARNING - synthesis: logical net 'image_pipe_inst/u_gamma_correction/gamma_inst/gammaCorrector_inst/u1_gamma_core/u1_lut_core/u1_lookuptable/dout1int[8]' has no load.
WARNING - synthesis: logical net 'image_pipe_inst/u_gamma_correction/gamma_inst/gammaCorrector_inst/u1_gamma_core/u1_lut_core/u1_lookuptable/dout1int[9]' has no load.
WARNING - synthesis: logical net 'image_pipe_inst/u_gamma_correction/gamma_inst/gammaCorrector_inst/u1_gamma_core/u1_lut_core/u1_lookuptable/dout1int[10]' has no load.
WARNING - synthesis: logical net 'image_pipe_inst/u_gamma_correction/gamma_inst/gammaCorrector_inst/u1_gamma_core/u1_lut_core/u1_lookuptable/dout1int[11]' has no load.
WARNING - synthesis: logical net 'image_pipe_inst/u_color/csc_inst/colorspace_inst/u1_colorspace/outvalid' has no load.
WARNING - synthesis: logical net 'image_pipe_inst/u_color/csc_inst/colorspace_inst/u1_colorspace/GND' has no load.
WARNING - synthesis: DRC complete with 69 warnings.

Design Results:
  23133 blocks expanded
completed the first expansion
All blocks are expanded and NGD expansion is successful.
Performing SECOND EXPANSION
WARNING - synthesis: This IP Core supports Hardware Evaluation Capability and it operates in Hardware for a limited time( approximately 4 hours) without requiring an IP License.
Loading NGL library '/usr/local/diamond/3.12/ispfpga/sa5p00m/data/sa5mlib.ngl'...
Loading NGL library '/usr/local/diamond/3.12/ispfpga/sa5p00/data/sa5plib.ngl'...
Loading NGL library '/usr/local/diamond/3.12/ispfpga/xo2c00/data/xo2clib.ngl'...
Loading NGL library '/usr/local/diamond/3.12/ispfpga/mg5g00/data/mg5glib.ngl'...
Loading NGL library '/usr/local/diamond/3.12/ispfpga/or5g00/data/orc5glib.ngl'...
Loading NGO design '/home/heidarabadi/alis_model/ECP5_Raw10toParallel/source/clarity/Gamma/gammaCorrector/gammaCorrector.ngo'...
Loading NGO design '/home/heidarabadi/alis_model/ECP5_Raw10toParallel/source/clarity/Gamma/gammaCorrector/pmi_ram_dp_trueEnnblut2_initsserr1212409612124096p18afc241.ngo'...
Loading NGO design '/home/heidarabadi/alis_model/ECP5_Raw10toParallel/source/clarity/Gamma/gammaCorrector/pmi_ram_dp_trueEnnblut1_initsserr1212409612124096p18afbd3c.ngo'...
Loading NGO design '/home/heidarabadi/alis_model/ECP5_Raw10toParallel/source/clarity/Gamma/gammaCorrector/pmi_ram_dp_trueEnnblut0_initsserr1212409612124096p18afb837.ngo'...
Loading NGO design '/home/heidarabadi/alis_model/ECP5_Raw10toParallel/source/clarity/CSC/colorspace/colorspace.ngo'...
Loading NGO design '/usr/local/diamond/3.12/ispfpga/sa5p00m/data/sa5pht.ngl'...


Running DRC...

WARNING - synthesis: logical net 'i2c_inst/data_rd_7' has no load.
WARNING - synthesis: logical net 'i2c_inst/data_rd_6' has no load.
WARNING - synthesis: logical net 'i2c_inst/data_rd_5' has no load.
WARNING - synthesis: logical net 'i2c_inst/data_rd_4' has no load.
WARNING - synthesis: logical net 'i2c_inst/data_rd_3' has no load.
WARNING - synthesis: logical net 'i2c_inst/data_rd_2' has no load.
WARNING - synthesis: logical net 'i2c_inst/data_rd_1' has no load.
WARNING - synthesis: logical net 'i2c_inst/data_rd_0' has no load.
WARNING - synthesis: logical net 'i2c_inst/data_rdy' has no load.
WARNING - synthesis: logical net 'i2c_inst/data_rd2_7' has no load.
WARNING - synthesis: logical net 'i2c_inst/data_rd2_6' has no load.
WARNING - synthesis: logical net 'i2c_inst/data_rd2_5' has no load.
WARNING - synthesis: logical net 'i2c_inst/data_rd2_4' has no load.
WARNING - synthesis: logical net 'i2c_inst/data_rd2_3' has no load.
WARNING - synthesis: logical net 'i2c_inst/data_rd2_2' has no load.
WARNING - synthesis: logical net 'i2c_inst/data_rd2_1' has no load.
WARNING - synthesis: logical net 'i2c_inst/data_rd2_0' has no load.
WARNING - synthesis: logical net 'i2c_inst/data_rdy2' has no load.
WARNING - synthesis: logical net 'i2c_inst/i2c_ctrl_i111304/config_done_kb_in' has no load.
WARNING - synthesis: logical net 'i2c_inst/i2c_ctrl_i111304/hdmi_i2c_top_inst/config_done_kb_in' has no load.
WARNING - synthesis: logical net 'i2c_inst/i2c_ctrl_i111301/n569_kb_in' has no load.
WARNING - synthesis: logical net 'hdmi_i2c_top_inst/data_rd_7' has no load.
WARNING - synthesis: logical net 'hdmi_i2c_top_inst/data_rd_6' has no load.
WARNING - synthesis: logical net 'hdmi_i2c_top_inst/data_rd_5' has no load.
WARNING - synthesis: logical net 'hdmi_i2c_top_inst/data_rd_4' has no load.
WARNING - synthesis: logical net 'hdmi_i2c_top_inst/data_rd_3' has no load.
WARNING - synthesis: logical net 'hdmi_i2c_top_inst/data_rd_2' has no load.
WARNING - synthesis: logical net 'hdmi_i2c_top_inst/data_rd_1' has no load.
WARNING - synthesis: logical net 'hdmi_i2c_top_inst/data_rd_0' has no load.
WARNING - synthesis: logical net 'hdmi_i2c_top_inst/data_rdy' has no load.
WARNING - synthesis: logical net 'image_pipe_inst/u_gamma_correction/gamma_inst/gammaCorrector_inst/outvalid' has no load.
WARNING - synthesis: logical net 'image_pipe_inst/u_gamma_correction/gamma_inst/gammaCorrector_inst/u1_gamma_core/u1_lut_core/u3_lookuptable/dout1int[0]' has no load.
WARNING - synthesis: logical net 'image_pipe_inst/u_gamma_correction/gamma_inst/gammaCorrector_inst/u1_gamma_core/u1_lut_core/u3_lookuptable/dout1int[1]' has no load.
WARNING - synthesis: logical net 'image_pipe_inst/u_gamma_correction/gamma_inst/gammaCorrector_inst/u1_gamma_core/u1_lut_core/u3_lookuptable/dout1int[2]' has no load.
WARNING - synthesis: logical net 'image_pipe_inst/u_gamma_correction/gamma_inst/gammaCorrector_inst/u1_gamma_core/u1_lut_core/u3_lookuptable/dout1int[3]' has no load.
WARNING - synthesis: logical net 'image_pipe_inst/u_gamma_correction/gamma_inst/gammaCorrector_inst/u1_gamma_core/u1_lut_core/u3_lookuptable/dout1int[4]' has no load.
WARNING - synthesis: logical net 'image_pipe_inst/u_gamma_correction/gamma_inst/gammaCorrector_inst/u1_gamma_core/u1_lut_core/u3_lookuptable/dout1int[5]' has no load.
WARNING - synthesis: logical net 'image_pipe_inst/u_gamma_correction/gamma_inst/gammaCorrector_inst/u1_gamma_core/u1_lut_core/u3_lookuptable/dout1int[6]' has no load.
WARNING - synthesis: logical net 'image_pipe_inst/u_gamma_correction/gamma_inst/gammaCorrector_inst/u1_gamma_core/u1_lut_core/u3_lookuptable/dout1int[7]' has no load.
WARNING - synthesis: logical net 'image_pipe_inst/u_gamma_correction/gamma_inst/gammaCorrector_inst/u1_gamma_core/u1_lut_core/u3_lookuptable/dout1int[8]' has no load.
WARNING - synthesis: logical net 'image_pipe_inst/u_gamma_correction/gamma_inst/gammaCorrector_inst/u1_gamma_core/u1_lut_core/u3_lookuptable/dout1int[9]' has no load.
WARNING - synthesis: logical net 'image_pipe_inst/u_gamma_correction/gamma_inst/gammaCorrector_inst/u1_gamma_core/u1_lut_core/u3_lookuptable/dout1int[10]' has no load.
WARNING - synthesis: logical net 'image_pipe_inst/u_gamma_correction/gamma_inst/gammaCorrector_inst/u1_gamma_core/u1_lut_core/u3_lookuptable/dout1int[11]' has no load.
WARNING - synthesis: logical net 'image_pipe_inst/u_gamma_correction/gamma_inst/gammaCorrector_inst/u1_gamma_core/u1_lut_core/u2_lookuptable/dout1int[0]' has no load.
WARNING - synthesis: logical net 'image_pipe_inst/u_gamma_correction/gamma_inst/gammaCorrector_inst/u1_gamma_core/u1_lut_core/u2_lookuptable/dout1int[1]' has no load.
WARNING - synthesis: logical net 'image_pipe_inst/u_gamma_correction/gamma_inst/gammaCorrector_inst/u1_gamma_core/u1_lut_core/u2_lookuptable/dout1int[2]' has no load.
WARNING - synthesis: logical net 'image_pipe_inst/u_gamma_correction/gamma_inst/gammaCorrector_inst/u1_gamma_core/u1_lut_core/u2_lookuptable/dout1int[3]' has no load.
WARNING - synthesis: logical net 'image_pipe_inst/u_gamma_correction/gamma_inst/gammaCorrector_inst/u1_gamma_core/u1_lut_core/u2_lookuptable/dout1int[4]' has no load.
WARNING - synthesis: logical net 'image_pipe_inst/u_gamma_correction/gamma_inst/gammaCorrector_inst/u1_gamma_core/u1_lut_core/u2_lookuptable/dout1int[5]' has no load.
WARNING - synthesis: logical net 'image_pipe_inst/u_gamma_correction/gamma_inst/gammaCorrector_inst/u1_gamma_core/u1_lut_core/u2_lookuptable/dout1int[6]' has no load.
WARNING - synthesis: logical net 'image_pipe_inst/u_gamma_correction/gamma_inst/gammaCorrector_inst/u1_gamma_core/u1_lut_core/u2_lookuptable/dout1int[7]' has no load.
WARNING - synthesis: logical net 'image_pipe_inst/u_gamma_correction/gamma_inst/gammaCorrector_inst/u1_gamma_core/u1_lut_core/u2_lookuptable/dout1int[8]' has no load.
WARNING - synthesis: logical net 'image_pipe_inst/u_gamma_correction/gamma_inst/gammaCorrector_inst/u1_gamma_core/u1_lut_core/u2_lookuptable/dout1int[9]' has no load.
WARNING - synthesis: logical net 'image_pipe_inst/u_gamma_correction/gamma_inst/gammaCorrector_inst/u1_gamma_core/u1_lut_core/u2_lookuptable/dout1int[10]' has no load.
WARNING - synthesis: logical net 'image_pipe_inst/u_gamma_correction/gamma_inst/gammaCorrector_inst/u1_gamma_core/u1_lut_core/u2_lookuptable/dout1int[11]' has no load.
WARNING - synthesis: logical net 'image_pipe_inst/u_gamma_correction/gamma_inst/gammaCorrector_inst/u1_gamma_core/u1_lut_core/u1_lookuptable/dout1int[0]' has no load.
WARNING - synthesis: logical net 'image_pipe_inst/u_gamma_correction/gamma_inst/gammaCorrector_inst/u1_gamma_core/u1_lut_core/u1_lookuptable/dout1int[1]' has no load.
WARNING - synthesis: logical net 'image_pipe_inst/u_gamma_correction/gamma_inst/gammaCorrector_inst/u1_gamma_core/u1_lut_core/u1_lookuptable/dout1int[2]' has no load.
WARNING - synthesis: logical net 'image_pipe_inst/u_gamma_correction/gamma_inst/gammaCorrector_inst/u1_gamma_core/u1_lut_core/u1_lookuptable/dout1int[3]' has no load.
WARNING - synthesis: logical net 'image_pipe_inst/u_gamma_correction/gamma_inst/gammaCorrector_inst/u1_gamma_core/u1_lut_core/u1_lookuptable/dout1int[4]' has no load.
WARNING - synthesis: logical net 'image_pipe_inst/u_gamma_correction/gamma_inst/gammaCorrector_inst/u1_gamma_core/u1_lut_core/u1_lookuptable/dout1int[5]' has no load.
WARNING - synthesis: logical net 'image_pipe_inst/u_gamma_correction/gamma_inst/gammaCorrector_inst/u1_gamma_core/u1_lut_core/u1_lookuptable/dout1int[6]' has no load.
WARNING - synthesis: logical net 'image_pipe_inst/u_gamma_correction/gamma_inst/gammaCorrector_inst/u1_gamma_core/u1_lut_core/u1_lookuptable/dout1int[7]' has no load.
WARNING - synthesis: logical net 'image_pipe_inst/u_gamma_correction/gamma_inst/gammaCorrector_inst/u1_gamma_core/u1_lut_core/u1_lookuptable/dout1int[8]' has no load.
WARNING - synthesis: logical net 'image_pipe_inst/u_gamma_correction/gamma_inst/gammaCorrector_inst/u1_gamma_core/u1_lut_core/u1_lookuptable/dout1int[9]' has no load.
WARNING - synthesis: logical net 'image_pipe_inst/u_gamma_correction/gamma_inst/gammaCorrector_inst/u1_gamma_core/u1_lut_core/u1_lookuptable/dout1int[10]' has no load.
WARNING - synthesis: logical net 'image_pipe_inst/u_gamma_correction/gamma_inst/gammaCorrector_inst/u1_gamma_core/u1_lut_core/u1_lookuptable/dout1int[11]' has no load.
WARNING - synthesis: logical net 'image_pipe_inst/u_color/csc_inst/colorspace_inst/u1_colorspace/outvalid' has no load.
WARNING - synthesis: logical net 'image_pipe_inst/u_color/csc_inst/colorspace_inst/u1_colorspace/GND' has no load.
WARNING - synthesis: DRC complete with 69 warnings.

Design Results:
  23269 blocks expanded
completed the second expansion

All blocks are expanded and NGD expansion is successful.
Writing NGD file Raw10toParallel_impl1.ngd.
