Running in Lattice mode

                               Synplify Pro (R) 

               Version R-2021.03L-SP1 for RHEL64 - Aug 10, 2021 

                    Copyright (c) 1988 - 2021 Synopsys, Inc.
   This software and the associated documentation are proprietary to Synopsys,
 Inc. This software may only be used in accordance with the terms and conditions
 of a written license agreement with Synopsys, Inc. All other use, reproduction,
            or distribution of this software is strictly prohibited.

Starting:    /usr/local/diamond/3.12/synpbase/linux_a_64/mbin/synbatch
Install:     /usr/local/diamond/3.12/synpbase
Hostname:    ferrandi-1
Date:        Tue Jun  2 17:10:59 2026
Version:     R-2021.03L-SP1

Arguments:   -product synplify_pro -batch Raw10toParallel_impl1_synplify.tcl
ProductType: synplify_pro




log file: "/home/heidarabadi/alis_model/ECP5_Raw10toParallel/impl1/Raw10toParallel_impl1.srr"
Running: impl1 in foreground

Running proj_1|impl1

Running Flow: compile (Compile) on proj_1|impl1
# Tue Jun  2 17:10:59 2026

Running Flow: compile_flow (Compile Process) on proj_1|impl1
# Tue Jun  2 17:10:59 2026

Running: compiler (Compile Input) on proj_1|impl1
# Tue Jun  2 17:10:59 2026
Copied /home/heidarabadi/alis_model/ECP5_Raw10toParallel/impl1/synwork/Raw10toParallel_impl1_comp.srs to /home/heidarabadi/alis_model/ECP5_Raw10toParallel/impl1/Raw10toParallel_impl1.srs

compiler completed
# Tue Jun  2 17:11:22 2026

Return Code: 0
Run Time:00h:00m:23s

Running: multi_srs_gen (Multi-srs Generator) on proj_1|impl1
# Tue Jun  2 17:11:22 2026

multi_srs_gen completed
# Tue Jun  2 17:11:24 2026

Return Code: 0
Run Time:00h:00m:02s
Copied /home/heidarabadi/alis_model/ECP5_Raw10toParallel/impl1/synwork/Raw10toParallel_impl1_mult.srs to /home/heidarabadi/alis_model/ECP5_Raw10toParallel/impl1/Raw10toParallel_impl1.srs
Copied /home/heidarabadi/alis_model/ECP5_Raw10toParallel/impl1/Raw10toParallel_impl1.srr to /home/heidarabadi/alis_model/ECP5_Raw10toParallel/impl1/Raw10toParallel_impl1.srf
Complete: Compile Process on proj_1|impl1

Running: premap (Premap) on proj_1|impl1
# Tue Jun  2 17:11:24 2026

premap completed with warnings
# Tue Jun  2 17:11:41 2026

Return Code: 1
Run Time:00h:00m:17s
Complete: Compile on proj_1|impl1

Running Flow: map (Map) on proj_1|impl1
# Tue Jun  2 17:11:41 2026
License granted for 4 parallel jobs

Running: fpga_mapper (Map & Optimize) on proj_1|impl1
# Tue Jun  2 17:11:41 2026
Copied /home/heidarabadi/alis_model/ECP5_Raw10toParallel/impl1/synwork/Raw10toParallel_impl1_m.srm to /home/heidarabadi/alis_model/ECP5_Raw10toParallel/impl1/Raw10toParallel_impl1.srm

fpga_mapper completed with warnings
# Tue Jun  2 17:24:01 2026

Return Code: 1
Run Time:00h:12m:20s
Complete: Map on proj_1|impl1
Copied /home/heidarabadi/alis_model/ECP5_Raw10toParallel/impl1/Raw10toParallel_impl1.srr to /home/heidarabadi/alis_model/ECP5_Raw10toParallel/impl1/Raw10toParallel_impl1.srf
Complete: Logic Synthesis on proj_1|impl1
TCL script complete: "Raw10toParallel_impl1_synplify.tcl"
exit status=0
exit status=0
Save changes for project:
/home/heidarabadi/alis_model/ECP5_Raw10toParallel/impl1/proj_1.prj
batch mode default:no
