/usr/local/diamond/3.12/synpbase/bin/c_hdl  -osyn  /home/heidarabadi/alis_model/ECP5_Raw10toParallel/impl1/synwork/Raw10toParallel_impl1_comp.srs  -top  RAW10toParallel  -hdllog  /home/heidarabadi/alis_model/ECP5_Raw10toParallel/impl1/synlog/Raw10toParallel_impl1_compiler.srr  -encrypt  -mp  4  -verification_mode 0 -rtl_xmr_naming  -verilog  -prodtype  synplify_pro  -dspmac -fixsmult -infer_seqShift -nram -sdff_counter -divnmod -nostructver   -I /usr/local/diamond/3.12/cae_library  -I /home/heidarabadi/alis_model/hls_full_model_simple32  -I /home/heidarabadi/alis_model/ECP5_Raw10toParallel  -I /home/heidarabadi/alis_model/ECP5_Raw10toParallel/impl1/  -I /usr/local/diamond/3.12/synpbase/lib   -v2001  -devicelib  /usr/local/diamond/3.12/synpbase/lib/lucent/ecp5um.v  -devicelib  /usr/local/diamond/3.12/synpbase/lib/lucent/pmi_def.v  -encrypt  -pro    -DSBP_SYNTHESIS    -dmgen  /home/heidarabadi/alis_model/ECP5_Raw10toParallel/impl1/dm  -ui -fid2 -ram -sharing on -ll 2000 -autosm  -D_MULTIPLE_FILE_COMPILATION_UNIT_  -lib work -fv2001 /home/heidarabadi/alis_model/ECP5_Raw10toParallel/source/RAW10toParallel.v -lib work -fv2001 /home/heidarabadi/alis_model/ECP5_Raw10toParallel/source/ab.v -lib work -fv2001 /home/heidarabadi/alis_model/ECP5_Raw10toParallel/source/blanking_adjustment.v -lib work -fv2001 /home/heidarabadi/alis_model/ECP5_Raw10toParallel/source/debayer.v -lib work -fv2001 /home/heidarabadi/alis_model/ECP5_Raw10toParallel/source/gamma_correction.v -lib work -fv2001 /home/heidarabadi/alis_model/ECP5_Raw10toParallel/source/hdmi_i2c_core.v -lib work -fv2001 /home/heidarabadi/alis_model/ECP5_Raw10toParallel/source/hdmi_i2c_ctrl.v -lib work -fv2001 /home/heidarabadi/alis_model/ECP5_Raw10toParallel/source/hdmi_i2c_top.v -lib work -fv2001 /home/heidarabadi/alis_model/ECP5_Raw10toParallel/source/i2c_core.v -lib work -fv2001 /home/heidarabadi/alis_model/ECP5_Raw10toParallel/source/i2c_ctrl.v -lib work -fv2001 /home/heidarabadi/alis_model/ECP5_Raw10toParallel/source/i2c_top.v -lib work -fv2001 /home/heidarabadi/alis_model/ECP5_Raw10toParallel/source/image_pipe.v -lib work -fv2001 /home/heidarabadi/alis_model/ECP5_Raw10toParallel/source/cnn_integration/frame_grabber.v -lib work -fv2001 /home/heidarabadi/alis_model/ECP5_Raw10toParallel/source/cnn_integration/input_bram.v -lib work -fv2001 /home/heidarabadi/alis_model/ECP5_Raw10toParallel/source/cnn_integration/cnn_wrapper.v -lib work -fv2001 /home/heidarabadi/alis_model/ECP5_Raw10toParallel/source/cnn_integration/text_overlay.v -lib work -fv2001 /home/heidarabadi/alis_model/hls_full_model_simple32/panda_libtech.v -lib work -fv2001 /home/heidarabadi/alis_model/hls_full_model_simple32/myproject.v -lib work -fv2001 /home/heidarabadi/alis_model/ECP5_Raw10toParallel/source/cnn_integration/generated/cnn_top.v -lib work -fv2001 /home/heidarabadi/alis_model/ECP5_Raw10toParallel/source/clarity/dp_ram/debayer_dpram/debayer_dpram.v -lib work -fv2001 /home/heidarabadi/alis_model/ECP5_Raw10toParallel/source/clarity/dp_ram/rb_ram/rb_ram.v -lib work -fv2001 /home/heidarabadi/alis_model/ECP5_Raw10toParallel/source/clarity/dp_ram/dp_ram.v -lib work -fv2001 /home/heidarabadi/alis_model/ECP5_Raw10toParallel/source/clarity/Gamma/gammaCorrector/gammaCorrector_top.v -lib work -fv2001 /home/heidarabadi/alis_model/ECP5_Raw10toParallel/source/clarity/Gamma/gammaCorrector/gammaCorrector_bb.v -lib work -fv2001 /home/heidarabadi/alis_model/ECP5_Raw10toParallel/source/clarity/Gamma/Gamma.v -lib work -fv2001 /home/heidarabadi/alis_model/ECP5_Raw10toParallel/source/clarity/image_fifo/sc_fifo/sc_fifo.v -lib work -fv2001 /home/heidarabadi/alis_model/ECP5_Raw10toParallel/source/clarity/image_fifo/image_fifo.v -lib work -fv2001 /home/heidarabadi/alis_model/ECP5_Raw10toParallel/source/color.v -lib work -fv2001 /home/heidarabadi/alis_model/ECP5_Raw10toParallel/source/clarity/CSC/colorspace/colorspace_top.v -lib work -fv2001 /home/heidarabadi/alis_model/ECP5_Raw10toParallel/source/clarity/CSC/colorspace/colorspace_bb.v -lib work -fv2001 /home/heidarabadi/alis_model/ECP5_Raw10toParallel/source/clarity/CSC/CSC.v  -jobname  "compiler" 
relcom:/usr/local/diamond/3.12/synpbase/bin/c_hdl -osyn ../synwork/Raw10toParallel_impl1_comp.srs -top RAW10toParallel -hdllog ../synlog/Raw10toParallel_impl1_compiler.srr -encrypt -mp 4 -verification_mode 0 -rtl_xmr_naming -verilog -prodtype synplify_pro -dspmac -fixsmult -infer_seqShift -nram -sdff_counter -divnmod -nostructver -I /usr/local/diamond/3.12/cae_library -I ../../../hls_full_model_simple32 -I ../../../ECP5_Raw10toParallel -I ../ -I /usr/local/diamond/3.12/synpbase/lib -v2001 -devicelib /usr/local/diamond/3.12/synpbase/lib/lucent/ecp5um.v -devicelib /usr/local/diamond/3.12/synpbase/lib/lucent/pmi_def.v -encrypt -pro -DSBP_SYNTHESIS -dmgen ../dm -ui -fid2 -ram -sharing on -ll 2000 -autosm -D_MULTIPLE_FILE_COMPILATION_UNIT_ -lib work -fv2001 ../../source/RAW10toParallel.v -lib work -fv2001 ../../source/ab.v -lib work -fv2001 ../../source/blanking_adjustment.v -lib work -fv2001 ../../source/debayer.v -lib work -fv2001 ../../source/gamma_correction.v -lib work -fv2001 ../../source/hdmi_i2c_core.v -lib work -fv2001 ../../source/hdmi_i2c_ctrl.v -lib work -fv2001 ../../source/hdmi_i2c_top.v -lib work -fv2001 ../../source/i2c_core.v -lib work -fv2001 ../../source/i2c_ctrl.v -lib work -fv2001 ../../source/i2c_top.v -lib work -fv2001 ../../source/image_pipe.v -lib work -fv2001 ../../source/cnn_integration/frame_grabber.v -lib work -fv2001 ../../source/cnn_integration/input_bram.v -lib work -fv2001 ../../source/cnn_integration/cnn_wrapper.v -lib work -fv2001 ../../source/cnn_integration/text_overlay.v -lib work -fv2001 ../../../hls_full_model_simple32/panda_libtech.v -lib work -fv2001 ../../../hls_full_model_simple32/myproject.v -lib work -fv2001 ../../source/cnn_integration/generated/cnn_top.v -lib work -fv2001 ../../source/clarity/dp_ram/debayer_dpram/debayer_dpram.v -lib work -fv2001 ../../source/clarity/dp_ram/rb_ram/rb_ram.v -lib work -fv2001 ../../source/clarity/dp_ram/dp_ram.v -lib work -fv2001 ../../source/clarity/Gamma/gammaCorrector/gammaCorrector_top.v -lib work -fv2001 ../../source/clarity/Gamma/gammaCorrector/gammaCorrector_bb.v -lib work -fv2001 ../../source/clarity/Gamma/Gamma.v -lib work -fv2001 ../../source/clarity/image_fifo/sc_fifo/sc_fifo.v -lib work -fv2001 ../../source/clarity/image_fifo/image_fifo.v -lib work -fv2001 ../../source/color.v -lib work -fv2001 ../../source/clarity/CSC/colorspace/colorspace_top.v -lib work -fv2001 ../../source/clarity/CSC/colorspace/colorspace_bb.v -lib work -fv2001 ../../source/clarity/CSC/CSC.v -jobname "compiler"
rc:0 success:1 runtime:23
file:../synwork/Raw10toParallel_impl1_comp.srs|io:o|time:1780413081|size:1637166|exec:0|csum:
file:../synlog/Raw10toParallel_impl1_compiler.srr|io:o|time:1780413081|size:693464|exec:0|csum:
file:/usr/local/diamond/3.12/synpbase/lib/lucent/ecp5um.v|io:i|time:1634508903|size:87866|exec:0|csum:860F88D9F12F192B101D34E522DBD633
file:/usr/local/diamond/3.12/synpbase/lib/lucent/pmi_def.v|io:i|time:1634508904|size:39414|exec:0|csum:530CC5906D70AB3C6A4AA0861AC94BDF
file:./-fv2001|io:i|time:0|size:-1|exec:0|csum:
file:../../source/RAW10toParallel.v|io:i|time:1780163918|size:8755|exec:0|csum:F9DDB2046D5A5B051E51A6F1FBD88C11
file:./-fv2001|io:i|time:0|size:-1|exec:0|csum:
file:../../source/ab.v|io:i|time:1779868316|size:4310|exec:0|csum:69CFD70B5CF576ADCB1235247B1799F5
file:./-fv2001|io:i|time:0|size:-1|exec:0|csum:
file:../../source/blanking_adjustment.v|io:i|time:1779868316|size:3511|exec:0|csum:E6764310C6A243C0E0484C5E979E4F08
file:./-fv2001|io:i|time:0|size:-1|exec:0|csum:
file:../../source/debayer.v|io:i|time:1779868316|size:7900|exec:0|csum:8BBD672E4DCCD12327E842424D785ECB
file:./-fv2001|io:i|time:0|size:-1|exec:0|csum:
file:../../source/gamma_correction.v|io:i|time:1779868316|size:3077|exec:0|csum:322330EF4F0139EEEEED5FDC91895B7C
file:./-fv2001|io:i|time:0|size:-1|exec:0|csum:
file:../../source/hdmi_i2c_core.v|io:i|time:1779868316|size:11644|exec:0|csum:15636ED9E465AF1EC22FD78782B174ED
file:./-fv2001|io:i|time:0|size:-1|exec:0|csum:
file:../../source/hdmi_i2c_ctrl.v|io:i|time:1779868316|size:13571|exec:0|csum:33E208AA5F298366400652D559F8063A
file:./-fv2001|io:i|time:0|size:-1|exec:0|csum:
file:../../source/hdmi_i2c_top.v|io:i|time:1779868316|size:2437|exec:0|csum:DCD45DDC357D5EB4CCD16300428FF042
file:./-fv2001|io:i|time:0|size:-1|exec:0|csum:
file:../../source/i2c_core.v|io:i|time:1779868316|size:11640|exec:0|csum:B455F705FD34CCB4DF69D90C9DD0C61E
file:./-fv2001|io:i|time:0|size:-1|exec:0|csum:
file:../../source/i2c_ctrl.v|io:i|time:1779868316|size:24083|exec:0|csum:23E20334078D07B492FC0C98EAFF8A0B
file:./-fv2001|io:i|time:0|size:-1|exec:0|csum:
file:../../source/i2c_top.v|io:i|time:1779868316|size:5085|exec:0|csum:A6C88CCEC528D2997AE408CFB9094EE9
file:./-fv2001|io:i|time:0|size:-1|exec:0|csum:
file:../../source/image_pipe.v|io:i|time:1780159868|size:5181|exec:0|csum:1BF3C676392E44A16959B6E53F3AA6DF
file:./-fv2001|io:i|time:0|size:-1|exec:0|csum:
file:../../source/cnn_integration/frame_grabber.v|io:i|time:1780163957|size:6879|exec:0|csum:CD4687271A00EEECB9AAA7DFEEE8CCC0
file:./-fv2001|io:i|time:0|size:-1|exec:0|csum:
file:../../source/cnn_integration/input_bram.v|io:i|time:1780163683|size:1112|exec:0|csum:0F6F55F279DE7305906E2ABE59F55782
file:./-fv2001|io:i|time:0|size:-1|exec:0|csum:
file:../../source/cnn_integration/cnn_wrapper.v|io:i|time:1780163910|size:3784|exec:0|csum:B59958766AC87590F3B83B27D5A1BF88
file:./-fv2001|io:i|time:0|size:-1|exec:0|csum:
file:../../source/cnn_integration/text_overlay.v|io:i|time:1780412205|size:13675|exec:0|csum:5B6DED8B36AB75A792151BCDB0A738E0
file:./-fv2001|io:i|time:0|size:-1|exec:0|csum:
file:../../../hls_full_model_simple32/panda_libtech.v|io:i|time:1780153555|size:131358|exec:0|csum:F5942C07D1F020D413845436F9BD7925
file:./-fv2001|io:i|time:0|size:-1|exec:0|csum:
file:../../../hls_full_model_simple32/myproject.v|io:i|time:1780153555|size:4768398|exec:0|csum:0713AD8F9747DF71E9DE548628BC1390
file:./-fv2001|io:i|time:0|size:-1|exec:0|csum:
file:../../source/cnn_integration/generated/cnn_top.v|io:i|time:1780164300|size:970|exec:0|csum:82B3F055BB0CE20AB6EFD2A0DE54D2C5
file:./-fv2001|io:i|time:0|size:-1|exec:0|csum:
file:../../source/clarity/dp_ram/debayer_dpram/debayer_dpram.v|io:i|time:1779868316|size:35878|exec:0|csum:CFD3E7016DCFDAD9EE426872180C54B4
file:./-fv2001|io:i|time:0|size:-1|exec:0|csum:
file:../../source/clarity/dp_ram/rb_ram/rb_ram.v|io:i|time:1779868316|size:23102|exec:0|csum:B2BECAF131A00C94243F5C087CB305BA
file:./-fv2001|io:i|time:0|size:-1|exec:0|csum:
file:../../source/clarity/dp_ram/dp_ram.v|io:i|time:1779868316|size:2101|exec:0|csum:BDC82CE25FDDE1C11B92524CE70378D8
file:./-fv2001|io:i|time:0|size:-1|exec:0|csum:
file:../../source/clarity/Gamma/gammaCorrector/gammaCorrector_top.v|io:i|time:1779868316|size:2332|exec:0|csum:6BB1A3C42D33BD8DF52CE10147D866BF
file:./-fv2001|io:i|time:0|size:-1|exec:0|csum:
file:../../source/clarity/Gamma/gammaCorrector/gammaCorrector_bb.v|io:i|time:1779868316|size:1135|exec:0|csum:1D20E1FF35BAAFE990F763B705F7B4CD
file:./-fv2001|io:i|time:0|size:-1|exec:0|csum:
file:../../source/clarity/Gamma/Gamma.v|io:i|time:1779868316|size:1318|exec:0|csum:976194A33368CDB847875F60469C7B1D
file:./-fv2001|io:i|time:0|size:-1|exec:0|csum:
file:../../source/clarity/image_fifo/sc_fifo/sc_fifo.v|io:i|time:1779868316|size:89845|exec:0|csum:920A7618C84B2E2526A1236FAD5276EB
file:./-fv2001|io:i|time:0|size:-1|exec:0|csum:
file:../../source/clarity/image_fifo/image_fifo.v|io:i|time:1779868316|size:853|exec:0|csum:20BFA56A758E5018CC81CF652CDB9872
file:./-fv2001|io:i|time:0|size:-1|exec:0|csum:
file:../../source/color.v|io:i|time:1779868316|size:2775|exec:0|csum:5092D7C9FC17CCFE134D9F289C5C6217
file:./-fv2001|io:i|time:0|size:-1|exec:0|csum:
file:../../source/clarity/CSC/colorspace/colorspace_top.v|io:i|time:1779868316|size:952|exec:0|csum:7AC55DF71857823E45E3E764A4B866E9
file:./-fv2001|io:i|time:0|size:-1|exec:0|csum:
file:../../source/clarity/CSC/colorspace/colorspace_bb.v|io:i|time:1779868316|size:471|exec:0|csum:2A63007A35681530FFFE5647A6C55828
file:./-fv2001|io:i|time:0|size:-1|exec:0|csum:
file:../../source/clarity/CSC/CSC.v|io:i|time:1779868316|size:963|exec:0|csum:6C663FF37F4C218E6F928EFF3497AF79
file:/usr/local/diamond/3.12/synpbase/linux_a_64/c_hdl|io:i|time:1634508914|size:8782216|exec:1|csum:9BFDE311F8D4BBFD6AF5757CF862DF86
file:/usr/local/diamond/3.12/synpbase/bin/c_hdl|io:i|time:1634508890|size:367|exec:1|csum:E52A0D56112AD6C22F02B648B6F508CE
